Archive member included to satisfy reference by file (symbol)

C:/ST/STM32CubeIDE_2.1.1/STM32CubeIDE/plugins/com.st.stm32cube.ide.mcu.externaltools.gnu-tools-for-stm32.14.3.rel1.win32_1.0.100.202602081740/tools/bin/../lib/gcc/arm-none-eabi/14.3.1/../../../../arm-none-eabi/lib/thumb/v7e-m+fp/hard\libc_nano.a(libc_a-exit.o)
                              C:/ST/STM32CubeIDE_2.1.1/STM32CubeIDE/plugins/com.st.stm32cube.ide.mcu.externaltools.gnu-tools-for-stm32.14.3.rel1.win32_1.0.100.202602081740/tools/bin/../lib/gcc/arm-none-eabi/14.3.1/../../../../arm-none-eabi/lib/thumb/v7e-m+fp/hard/crt0.o (exit)
C:/ST/STM32CubeIDE_2.1.1/STM32CubeIDE/plugins/com.st.stm32cube.ide.mcu.externaltools.gnu-tools-for-stm32.14.3.rel1.win32_1.0.100.202602081740/tools/bin/../lib/gcc/arm-none-eabi/14.3.1/../../../../arm-none-eabi/lib/thumb/v7e-m+fp/hard\libc_nano.a(libc_a-findfp.o)
                              C:/ST/STM32CubeIDE_2.1.1/STM32CubeIDE/plugins/com.st.stm32cube.ide.mcu.externaltools.gnu-tools-for-stm32.14.3.rel1.win32_1.0.100.202602081740/tools/bin/../lib/gcc/arm-none-eabi/14.3.1/../../../../arm-none-eabi/lib/thumb/v7e-m+fp/hard\libc_nano.a(libc_a-exit.o) (__stdio_exit_handler)
C:/ST/STM32CubeIDE_2.1.1/STM32CubeIDE/plugins/com.st.stm32cube.ide.mcu.externaltools.gnu-tools-for-stm32.14.3.rel1.win32_1.0.100.202602081740/tools/bin/../lib/gcc/arm-none-eabi/14.3.1/../../../../arm-none-eabi/lib/thumb/v7e-m+fp/hard\libc_nano.a(libc_a-fwalk.o)
                              C:/ST/STM32CubeIDE_2.1.1/STM32CubeIDE/plugins/com.st.stm32cube.ide.mcu.externaltools.gnu-tools-for-stm32.14.3.rel1.win32_1.0.100.202602081740/tools/bin/../lib/gcc/arm-none-eabi/14.3.1/../../../../arm-none-eabi/lib/thumb/v7e-m+fp/hard\libc_nano.a(libc_a-findfp.o) (_fwalk_sglue)
C:/ST/STM32CubeIDE_2.1.1/STM32CubeIDE/plugins/com.st.stm32cube.ide.mcu.externaltools.gnu-tools-for-stm32.14.3.rel1.win32_1.0.100.202602081740/tools/bin/../lib/gcc/arm-none-eabi/14.3.1/../../../../arm-none-eabi/lib/thumb/v7e-m+fp/hard\libc_nano.a(libc_a-snprintf.o)
                              ./Core/Src/st7565_gfx.o (snprintf)
C:/ST/STM32CubeIDE_2.1.1/STM32CubeIDE/plugins/com.st.stm32cube.ide.mcu.externaltools.gnu-tools-for-stm32.14.3.rel1.win32_1.0.100.202602081740/tools/bin/../lib/gcc/arm-none-eabi/14.3.1/../../../../arm-none-eabi/lib/thumb/v7e-m+fp/hard\libc_nano.a(libc_a-stdio.o)
                              C:/ST/STM32CubeIDE_2.1.1/STM32CubeIDE/plugins/com.st.stm32cube.ide.mcu.externaltools.gnu-tools-for-stm32.14.3.rel1.win32_1.0.100.202602081740/tools/bin/../lib/gcc/arm-none-eabi/14.3.1/../../../../arm-none-eabi/lib/thumb/v7e-m+fp/hard\libc_nano.a(libc_a-findfp.o) (__sread)
C:/ST/STM32CubeIDE_2.1.1/STM32CubeIDE/plugins/com.st.stm32cube.ide.mcu.externaltools.gnu-tools-for-stm32.14.3.rel1.win32_1.0.100.202602081740/tools/bin/../lib/gcc/arm-none-eabi/14.3.1/../../../../arm-none-eabi/lib/thumb/v7e-m+fp/hard\libc_nano.a(libc_a-memset.o)
                              C:/ST/STM32CubeIDE_2.1.1/STM32CubeIDE/plugins/com.st.stm32cube.ide.mcu.externaltools.gnu-tools-for-stm32.14.3.rel1.win32_1.0.100.202602081740/tools/bin/../lib/gcc/arm-none-eabi/14.3.1/../../../../arm-none-eabi/lib/thumb/v7e-m+fp/hard/crt0.o (memset)
C:/ST/STM32CubeIDE_2.1.1/STM32CubeIDE/plugins/com.st.stm32cube.ide.mcu.externaltools.gnu-tools-for-stm32.14.3.rel1.win32_1.0.100.202602081740/tools/bin/../lib/gcc/arm-none-eabi/14.3.1/../../../../arm-none-eabi/lib/thumb/v7e-m+fp/hard\libc_nano.a(libc_a-closer.o)
                              C:/ST/STM32CubeIDE_2.1.1/STM32CubeIDE/plugins/com.st.stm32cube.ide.mcu.externaltools.gnu-tools-for-stm32.14.3.rel1.win32_1.0.100.202602081740/tools/bin/../lib/gcc/arm-none-eabi/14.3.1/../../../../arm-none-eabi/lib/thumb/v7e-m+fp/hard\libc_nano.a(libc_a-stdio.o) (_close_r)
C:/ST/STM32CubeIDE_2.1.1/STM32CubeIDE/plugins/com.st.stm32cube.ide.mcu.externaltools.gnu-tools-for-stm32.14.3.rel1.win32_1.0.100.202602081740/tools/bin/../lib/gcc/arm-none-eabi/14.3.1/../../../../arm-none-eabi/lib/thumb/v7e-m+fp/hard\libc_nano.a(libc_a-reent.o)
                              C:/ST/STM32CubeIDE_2.1.1/STM32CubeIDE/plugins/com.st.stm32cube.ide.mcu.externaltools.gnu-tools-for-stm32.14.3.rel1.win32_1.0.100.202602081740/tools/bin/../lib/gcc/arm-none-eabi/14.3.1/../../../../arm-none-eabi/lib/thumb/v7e-m+fp/hard\libc_nano.a(libc_a-closer.o) (errno)
C:/ST/STM32CubeIDE_2.1.1/STM32CubeIDE/plugins/com.st.stm32cube.ide.mcu.externaltools.gnu-tools-for-stm32.14.3.rel1.win32_1.0.100.202602081740/tools/bin/../lib/gcc/arm-none-eabi/14.3.1/../../../../arm-none-eabi/lib/thumb/v7e-m+fp/hard\libc_nano.a(libc_a-impure.o)
                              C:/ST/STM32CubeIDE_2.1.1/STM32CubeIDE/plugins/com.st.stm32cube.ide.mcu.externaltools.gnu-tools-for-stm32.14.3.rel1.win32_1.0.100.202602081740/tools/bin/../lib/gcc/arm-none-eabi/14.3.1/../../../../arm-none-eabi/lib/thumb/v7e-m+fp/hard\libc_nano.a(libc_a-snprintf.o) (_impure_ptr)
[...]
Memory Configuration

Name             Origin             Length             Attributes
RAM              0x20000000         0x00008000         xrw
FLASH            0x08000000         0x00020000         xr
*default*        0x00000000         0xffffffff

Linker script and memory map

LOAD C:/ST/STM32CubeIDE_2.1.1/STM32CubeIDE/plugins/com.st.stm32cube.ide.mcu.externaltools.gnu-tools-for-stm32.14.3.rel1.win32_1.0.100.202602081740/tools/bin/../lib/gcc/arm-none-eabi/14.3.1/thumb/v7e-m+fp/hard/crti.o
LOAD C:/ST/STM32CubeIDE_2.1.1/STM32CubeIDE/plugins/com.st.stm32cube.ide.mcu.externaltools.gnu-tools-for-stm32.14.3.rel1.win32_1.0.100.202602081740/tools/bin/../lib/gcc/arm-none-eabi/14.3.1/thumb/v7e-m+fp/hard/crtbegin.o
LOAD C:/ST/STM32CubeIDE_2.1.1/STM32CubeIDE/plugins/com.st.stm32cube.ide.mcu.externaltools.gnu-tools-for-stm32.14.3.rel1.win32_1.0.100.202602081740/tools/bin/../lib/gcc/arm-none-eabi/14.3.1/../../../../arm-none-eabi/lib/thumb/v7e-m+fp/hard/crt0.o
LOAD ./Core/Src/Rev_Counter.o
LOAD ./Core/Src/fuel_level_filter.o
LOAD ./Core/Src/main.o
LOAD ./Core/Src/st7565_8080.o
LOAD ./Core/Src/st7565_gfx.o
LOAD ./Core/Src/stm32g4xx_hal_msp.o
LOAD ./Core/Src/stm32g4xx_it.o
LOAD ./Core/Src/syscalls.o
LOAD ./Core/Src/sysmem.o
LOAD ./Core/Src/system_stm32g4xx.o
LOAD ./Core/Startup/startup_stm32g431cbtx.o
LOAD ./Drivers/STM32G4xx_HAL_Driver/Src/stm32g4xx_hal.o
LOAD ./Drivers/STM32G4xx_HAL_Driver/Src/stm32g4xx_hal_adc.o
LOAD ./Drivers/STM32G4xx_HAL_Driver/Src/stm32g4xx_hal_adc_ex.o
LOAD ./Drivers/STM32G4xx_HAL_Driver/Src/stm32g4xx_hal_cortex.o
LOAD ./Drivers/STM32G4xx_HAL_Driver/Src/stm32g4xx_hal_dma.o
LOAD ./Drivers/STM32G4xx_HAL_Driver/Src/stm32g4xx_hal_dma_ex.o
LOAD ./Drivers/STM32G4xx_HAL_Driver/Src/stm32g4xx_hal_exti.o
LOAD ./Drivers/STM32G4xx_HAL_Driver/Src/stm32g4xx_hal_fdcan.o
LOAD ./Drivers/STM32G4xx_HAL_Driver/Src/stm32g4xx_hal_flash.o
LOAD ./Drivers/STM32G4xx_HAL_Driver/Src/stm32g4xx_hal_flash_ex.o
LOAD ./Drivers/STM32G4xx_HAL_Driver/Src/stm32g4xx_hal_flash_ramfunc.o
LOAD ./Drivers/STM32G4xx_HAL_Driver/Src/stm32g4xx_hal_gpio.o
LOAD ./Drivers/STM32G4xx_HAL_Driver/Src/stm32g4xx_hal_pcd.o
LOAD ./Drivers/STM32G4xx_HAL_Driver/Src/stm32g4xx_hal_pcd_ex.o
LOAD ./Drivers/STM32G4xx_HAL_Driver/Src/stm32g4xx_hal_pwr.o
LOAD ./Drivers/STM32G4xx_HAL_Driver/Src/stm32g4xx_hal_pwr_ex.o
LOAD ./Drivers/STM32G4xx_HAL_Driver/Src/stm32g4xx_hal_rcc.o
LOAD ./Drivers/STM32G4xx_HAL_Driver/Src/stm32g4xx_hal_rcc_ex.o
LOAD ./Drivers/STM32G4xx_HAL_Driver/Src/stm32g4xx_hal_tim.o
LOAD ./Drivers/STM32G4xx_HAL_Driver/Src/stm32g4xx_hal_tim_ex.o
LOAD ./Drivers/STM32G4xx_HAL_Driver/Src/stm32g4xx_ll_adc.o
LOAD ./Drivers/STM32G4xx_HAL_Driver/Src/stm32g4xx_ll_dma.o
LOAD ./Drivers/STM32G4xx_HAL_Driver/Src/stm32g4xx_ll_exti.o
LOAD ./Drivers/STM32G4xx_HAL_Driver/Src/stm32g4xx_ll_gpio.o
LOAD ./Drivers/STM32G4xx_HAL_Driver/Src/stm32g4xx_ll_rcc.o
LOAD ./Drivers/STM32G4xx_HAL_Driver/Src/stm32g4xx_ll_ucpd.o
LOAD ./Drivers/STM32G4xx_HAL_Driver/Src/stm32g4xx_ll_usb.o
LOAD ./Drivers/STM32G4xx_HAL_Driver/Src/stm32g4xx_ll_utils.o
START GROUP
LOAD C:/ST/STM32CubeIDE_2.1.1/STM32CubeIDE/plugins/com.st.stm32cube.ide.mcu.externaltools.gnu-tools-for-stm32.14.3.rel1.win32_1.0.100.202602081740/tools/bin/../lib/gcc/arm-none-eabi/14.3.1/../../../../arm-none-eabi/lib/thumb/v7e-m+fp/hard\libc_nano.a
LOAD C:/ST/STM32CubeIDE_2.1.1/STM32CubeIDE/plugins/com.st.stm32cube.ide.mcu.externaltools.gnu-tools-for-stm32.14.3.rel1.win32_1.0.100.202602081740/tools/bin/../lib/gcc/arm-none-eabi/14.3.1/../../../../arm-none-eabi/lib/thumb/v7e-m+fp/hard\libm.a
END GROUP
START GROUP
LOAD C:/ST/STM32CubeIDE_2.1.1/STM32CubeIDE/plugins/com.st.stm32cube.ide.mcu.externaltools.gnu-tools-for-stm32.14.3.rel1.win32_1.0.100.202602081740/tools/bin/../lib/gcc/arm-none-eabi/14.3.1/thumb/v7e-m+fp/hard\libgcc.a
LOAD C:/ST/STM32CubeIDE_2.1.1/STM32CubeIDE/plugins/com.st.stm32cube.ide.mcu.externaltools.gnu-tools-for-stm32.14.3.rel1.win32_1.0.100.202602081740/tools/bin/../lib/gcc/arm-none-eabi/14.3.1/../../../../arm-none-eabi/lib/thumb/v7e-m+fp/hard\libc_nano.a
END GROUP
START GROUP
LOAD C:/ST/STM32CubeIDE_2.1.1/STM32CubeIDE/plugins/com.st.stm32cube.ide.mcu.externaltools.gnu-tools-for-stm32.14.3.rel1.win32_1.0.100.202602081740/tools/bin/../lib/gcc/arm-none-eabi/14.3.1/thumb/v7e-m+fp/hard\libgcc.a
LOAD C:/ST/STM32CubeIDE_2.1.1/STM32CubeIDE/plugins/com.st.stm32cube.ide.mcu.externaltools.gnu-tools-for-stm32.14.3.rel1.win32_1.0.100.202602081740/tools/bin/../lib/gcc/arm-none-eabi/14.3.1/../../../../arm-none-eabi/lib/thumb/v7e-m+fp/hard\libc_nano.a
LOAD C:/ST/STM32CubeIDE_2.1.1/STM32CubeIDE/plugins/com.st.stm32cube.ide.mcu.externaltools.gnu-tools-for-stm32.14.3.rel1.win32_1.0.100.202602081740/tools/bin/../lib/gcc/arm-none-eabi/14.3.1/../../../../arm-none-eabi/lib/thumb/v7e-m+fp/hard\libnosys.a
END GROUP
START GROUP
LOAD C:/ST/STM32CubeIDE_2.1.1/STM32CubeIDE/plugins/com.st.stm32cube.ide.mcu.externaltools.gnu-tools-for-stm32.14.3.rel1.win32_1.0.100.202602081740/tools/bin/../lib/gcc/arm-none-eabi/14.3.1/thumb/v7e-m+fp/hard\libgcc.a
LOAD C:/ST/STM32CubeIDE_2.1.1/STM32CubeIDE/plugins/com.st.stm32cube.ide.mcu.externaltools.gnu-tools-for-stm32.14.3.rel1.win32_1.0.100.202602081740/tools/bin/../lib/gcc/arm-none-eabi/14.3.1/../../../../arm-none-eabi/lib/thumb/v7e-m+fp/hard\libc_nano.a
LOAD C:/ST/STM32CubeIDE_2.1.1/STM32CubeIDE/plugins/com.st.stm32cube.ide.mcu.externaltools.gnu-tools-for-stm32.14.3.rel1.win32_1.0.100.202602081740/tools/bin/../lib/gcc/arm-none-eabi/14.3.1/../../../../arm-none-eabi/lib/thumb/v7e-m+fp/hard\libnosys.a
END GROUP
LOAD C:/ST/STM32CubeIDE_2.1.1/STM32CubeIDE/plugins/com.st.stm32cube.ide.mcu.externaltools.gnu-tools-for-stm32.14.3.rel1.win32_1.0.100.202602081740/tools/bin/../lib/gcc/arm-none-eabi/14.3.1/thumb/v7e-m+fp/hard/crtend.o
LOAD C:/ST/STM32CubeIDE_2.1.1/STM32CubeIDE/plugins/com.st.stm32cube.ide.mcu.externaltools.gnu-tools-for-stm32.14.3.rel1.win32_1.0.100.202602081740/tools/bin/../lib/gcc/arm-none-eabi/14.3.1/thumb/v7e-m+fp/hard/crtn.o
                0x20008000                        _estack = (ORIGIN (RAM) + LENGTH (RAM))
                0x00000200                        _Min_Heap_Size = 0x200
                0x00000400                        _Min_Stack_Size = 0x400

.isr_vector     0x08000000      0x1d8
                0x08000000                        . = ALIGN (0x4)
 *(.isr_vector)
 .isr_vector    0x08000000      0x1d8 ./Core/Startup/startup_stm32g431cbtx.o
                0x08000000                g_pfnVectors
                0x080001d8                        . = ALIGN (0x4)

.text           0x080001e0     0x63b8
                0x080001e0                        . = ALIGN (0x4)
 *(.text)
 .text          0x080001e0       0x40 C:/ST/STM32CubeIDE_2.1.1/STM32CubeIDE/plugins/com.st.stm32cube.ide.mcu.externaltools.gnu-tools-for-stm32.14.3.rel1.win32_1.0.100.202602081740/tools/bin/../lib/gcc/arm-none-eabi/14.3.1/thumb/v7e-m+fp/hard/crtbegin.o
 .text          0x08000220       0xa0 C:/ST/STM32CubeIDE_2.1.1/STM32CubeIDE/plugins/com.st.stm32cube.ide.mcu.externaltools.gnu-tools-for-stm32.14.3.rel1.win32_1.0.100.202602081740/tools/bin/../lib/gcc/arm-none-eabi/14.3.1/../../../../arm-none-eabi/lib/thumb/v7e-m+fp/hard\libc_nano.a(libc_a-memchr.o)
                0x08000220                memchr
 *(.text*)
 .text.FuelSensor_Init
                0x080002c0       0x68 ./Core/Src/fuel_level_filter.o
                0x080002c0                FuelSensor_Init
 .text.FuelSensor_PollRawSample
                0x08000328       0x58 ./Core/Src/fuel_level_filter.o
                0x08000328                FuelSensor_PollRawSample
 .text.insertion_sort
                0x08000380       0x94 ./Core/Src/fuel_level_filter.o
 .text.compute_median
                0x08000414       0x98 ./Core/Src/fuel_level_filter.o
 .text.raw_to_percent
                0x080004ac       0x90 ./Core/Src/fuel_level_filter.o
 .text.FuelSensor_Update
                0x0800053c      0x11c ./Core/Src/fuel_level_filter.o
                0x0800053c                FuelSensor_Update
 .text.main     0x08000658      0x178 ./Core/Src/main.o
                0x08000658                main
 .text.SystemClock_Config
                0x080007d0       0x9e ./Core/Src/main.o
                0x080007d0                SystemClock_Config
 *fill*         0x0800086e        0x2 
 .text.MX_ADC1_Init
                0x08000870       0xf4 ./Core/Src/main.o
 .text.MX_ADC2_Init
                0x08000964       0xcc ./Core/Src/main.o
 .text.MX_FDCAN1_Init
                0x08000a30       0x8c ./Core/Src/main.o
 .text.MX_TIM3_Init
                0x08000abc       0xa0 ./Core/Src/main.o
 .text.MX_DMA_Init
                0x08000b5c       0x54 ./Core/Src/main.o
 .text.MX_GPIO_Init
                0x08000bb0      0x148 ./Core/Src/main.o
 .text.Error_Handler
                0x08000cf8        0xc ./Core/Src/main.o
                0x08000cf8                Error_Handler
 .text.ST7565_DelayCycles
                0x08000d04       0x24 ./Core/Src/st7565_8080.o
 .text.ST7565_SetDataBus
                0x08000d28       0x3c ./Core/Src/st7565_8080.o
 .text.ST7565_BusInit
                0x08000d64       0xa8 ./Core/Src/st7565_8080.o
                0x08000d64                ST7565_BusInit
 .text.ST7565_Strobe
                0x08000e0c       0x78 ./Core/Src/st7565_8080.o
 .text.ST7565_WriteCommand
                0x08000e84       0x1c ./Core/Src/st7565_8080.o
                0x08000e84                ST7565_WriteCommand
 .text.ST7565_WriteData
                0x08000ea0       0x1c ./Core/Src/st7565_8080.o
                0x08000ea0                ST7565_WriteData
 .text.ST7565_HardReset
                0x08000ebc        0xe ./Core/Src/st7565_8080.o
                0x08000ebc                ST7565_HardReset
 .text.ST7565_Init
                0x08000eca       0x70 ./Core/Src/st7565_8080.o
                0x08000eca                ST7565_Init
 .text.ST7565_DisplayOn
                0x08000f3a       0x24 ./Core/Src/st7565_8080.o
                0x08000f3a                ST7565_DisplayOn
 .text.ST7565_SetStartLine
                0x08000f5e       0x2a ./Core/Src/st7565_8080.o
                0x08000f5e                ST7565_SetStartLine
 .text.ST7565_SetPage
                0x08000f88       0x2a ./Core/Src/st7565_8080.o
                0x08000f88                ST7565_SetPage
 .text.ST7565_SetColumn
                0x08000fb2       0x36 ./Core/Src/st7565_8080.o
                0x08000fb2                ST7565_SetColumn
 .text.ST7565_SetContrast
                0x08000fe8       0x26 ./Core/Src/st7565_8080.o
                0x08000fe8                ST7565_SetContrast
 .text.ST7565_WriteBuffer
                0x0800100e       0x80 ./Core/Src/st7565_8080.o
                0x0800100e                ST7565_WriteBuffer
 *fill*         0x0800108e        0x2 
 .text.ST7565_GetGlyph
                0x08001090       0x58 ./Core/Src/st7565_gfx.o
 .text.ST7565_ClearBuffer
                0x080010e8       0x38 ./Core/Src/st7565_gfx.o
                0x080010e8                ST7565_ClearBuffer
 .text.ST7565_Update
                0x08001120       0x18 ./Core/Src/st7565_gfx.o
                0x08001120                ST7565_Update
 .text.ST7565_DrawPixel
                0x08001138       0xac ./Core/Src/st7565_gfx.o
                0x08001138                ST7565_DrawPixel
 .text.ST7565_DrawChar
                0x080011e4       0x2a ./Core/Src/st7565_gfx.o
                0x080011e4                ST7565_DrawChar
 .text.ST7565_DrawCharScaled
                0x0800120e       0xec ./Core/Src/st7565_gfx.o
                0x0800120e                ST7565_DrawCharScaled
 .text.ST7565_DrawStringScaled
                0x080012fa       0x64 ./Core/Src/st7565_gfx.o
                0x080012fa                ST7565_DrawStringScaled
 *fill*         0x0800135e        0x2 
 .text.ST7565_DrawNumberScaled
                0x08001360       0x44 ./Core/Src/st7565_gfx.o
                0x08001360                ST7565_DrawNumberScaled
 .text.ST7565_DrawRect
                0x080013a4       0xdc ./Core/Src/st7565_gfx.o
                0x080013a4                ST7565_DrawRect
 .text.ST7565_FillRect
                0x08001480       0x72 ./Core/Src/st7565_gfx.o
                0x08001480                ST7565_FillRect
 .text.ST7565_FillLevelSegments
                0x080014f2       0xc2 ./Core/Src/st7565_gfx.o
 .text.ST7565_DrawBattery
                0x080015b4       0xd6 ./Core/Src/st7565_gfx.o
                0x080015b4                ST7565_DrawBattery
 .text.ST7565_DrawGasGauge
                0x0800168a       0x8e ./Core/Src/st7565_gfx.o
                0x0800168a                ST7565_DrawGasGauge
 .text.ST7565_DrawGasGaugeEF
                0x08001718       0x96 ./Core/Src/st7565_gfx.o
                0x08001718                ST7565_DrawGasGaugeEF
 *fill*         0x080017ae        0x2 
 .text.HAL_MspInit
                0x080017b0       0x48 ./Core/Src/stm32g4xx_hal_msp.o
                0x080017b0                HAL_MspInit
 .text.HAL_ADC_MspInit
                0x080017f8      0x1ac ./Core/Src/stm32g4xx_hal_msp.o
                0x080017f8                HAL_ADC_MspInit
 .text.HAL_FDCAN_MspInit
                0x080019a4       0xb8 ./Core/Src/stm32g4xx_hal_msp.o
                0x080019a4                HAL_FDCAN_MspInit
 .text.HAL_TIM_Base_MspInit
                0x08001a5c       0x40 ./Core/Src/stm32g4xx_hal_msp.o
                0x08001a5c                HAL_TIM_Base_MspInit
 .text.NMI_Handler
                0x08001a9c        0x8 ./Core/Src/stm32g4xx_it.o
                0x08001a9c                NMI_Handler
 .text.HardFault_Handler
                0x08001aa4        0x8 ./Core/Src/stm32g4xx_it.o
                0x08001aa4                HardFault_Handler
 .text.MemManage_Handler
                0x08001aac        0x8 ./Core/Src/stm32g4xx_it.o
                0x08001aac                MemManage_Handler
 .text.BusFault_Handler
                0x08001ab4        0x8 ./Core/Src/stm32g4xx_it.o
                0x08001ab4                BusFault_Handler
 .text.UsageFault_Handler
                0x08001abc        0x8 ./Core/Src/stm32g4xx_it.o
                0x08001abc                UsageFault_Handler
 .text.SVC_Handler
                0x08001ac4        0xe ./Core/Src/stm32g4xx_it.o
                0x08001ac4                SVC_Handler
 .text.DebugMon_Handler
                0x08001ad2        0xe ./Core/Src/stm32g4xx_it.o
                0x08001ad2                DebugMon_Handler
 .text.PendSV_Handler
                0x08001ae0        0xe ./Core/Src/stm32g4xx_it.o
                0x08001ae0                PendSV_Handler
 .text.SysTick_Handler
                0x08001aee        0xc ./Core/Src/stm32g4xx_it.o
                0x08001aee                SysTick_Handler
 *fill*         0x08001afa        0x2 
 .text.DMA1_Channel1_IRQHandler
                0x08001afc       0x14 ./Core/Src/stm32g4xx_it.o
                0x08001afc                DMA1_Channel1_IRQHandler
 .text._sbrk    0x08001b10       0x6c ./Core/Src/sysmem.o
                0x08001b10                _sbrk
 .text.SystemInit
                0x08001b7c       0x24 ./Core/Src/system_stm32g4xx.o
                0x08001b7c                SystemInit
 .text.Reset_Handler
                0x08001ba0       0x50 ./Core/Startup/startup_stm32g431cbtx.o
                0x08001ba0                Reset_Handler
 .text.Default_Handler
                0x08001bf0        0x2 ./Core/Startup/startup_stm32g431cbtx.o
                0x08001bf0                RTC_Alarm_IRQHandler
                0x08001bf0                EXTI2_IRQHandler
                0x08001bf0                TIM8_TRG_COM_IRQHandler
                0x08001bf0                TIM8_CC_IRQHandler
                0x08001bf0                TIM1_CC_IRQHandler
                0x08001bf0                USB_HP_IRQHandler
                0x08001bf0                CORDIC_IRQHandler
                0x08001bf0                EXTI3_IRQHandler
                0x08001bf0                I2C3_ER_IRQHandler
                0x08001bf0                EXTI0_IRQHandler
                0x08001bf0                I2C2_EV_IRQHandler
                0x08001bf0                FPU_IRQHandler
                0x08001bf0                FDCAN1_IT1_IRQHandler
                0x08001bf0                TIM1_UP_TIM16_IRQHandler
                0x08001bf0                ADC1_2_IRQHandler
                0x08001bf0                SPI1_IRQHandler
                0x08001bf0                TIM6_DAC_IRQHandler
                0x08001bf0                TIM8_UP_IRQHandler
                0x08001bf0                DMA2_Channel2_IRQHandler
                0x08001bf0                DMA1_Channel4_IRQHandler
                0x08001bf0                USART3_IRQHandler
                0x08001bf0                TIM4_IRQHandler
                0x08001bf0                DMA2_Channel1_IRQHandler
                0x08001bf0                I2C1_EV_IRQHandler
                0x08001bf0                DMA1_Channel6_IRQHandler
                0x08001bf0                UART4_IRQHandler
                0x08001bf0                DMA2_Channel4_IRQHandler
                0x08001bf0                TIM3_IRQHandler
                0x08001bf0                RCC_IRQHandler
                0x08001bf0                Default_Handler
                0x08001bf0                RTC_TAMP_LSECSS_IRQHandler
                0x08001bf0                FMAC_IRQHandler
                0x08001bf0                EXTI15_10_IRQHandler
                0x08001bf0                TIM7_IRQHandler
                0x08001bf0                UCPD1_IRQHandler
                0x08001bf0                I2C3_EV_IRQHandler
                0x08001bf0                EXTI9_5_IRQHandler
                0x08001bf0                RTC_WKUP_IRQHandler
                0x08001bf0                PVD_PVM_IRQHandler
                0x08001bf0                SPI2_IRQHandler
                0x08001bf0                DMA2_Channel5_IRQHandler
                0x08001bf0                CRS_IRQHandler
                0x08001bf0                DMA1_Channel5_IRQHandler
                0x08001bf0                USB_LP_IRQHandler
                0x08001bf0                EXTI4_IRQHandler
                0x08001bf0                RNG_IRQHandler
                0x08001bf0                TIM1_TRG_COM_TIM17_IRQHandler
                0x08001bf0                DMA1_Channel3_IRQHandler
                0x08001bf0                WWDG_IRQHandler
                0x08001bf0                LPUART1_IRQHandler
                0x08001bf0                DMA2_Channel6_IRQHandler
                0x08001bf0                FDCAN1_IT0_IRQHandler
                0x08001bf0                TIM2_IRQHandler
                0x08001bf0                COMP1_2_3_IRQHandler
                0x08001bf0                EXTI1_IRQHandler
                0x08001bf0                USART2_IRQHandler
                0x08001bf0                I2C2_ER_IRQHandler
                0x08001bf0                DMA1_Channel2_IRQHandler
                0x08001bf0                TIM8_BRK_IRQHandler
                0x08001bf0                FLASH_IRQHandler
                0x08001bf0                USART1_IRQHandler
                0x08001bf0                SPI3_IRQHandler
                0x08001bf0                I2C1_ER_IRQHandler
                0x08001bf0                LPTIM1_IRQHandler
                0x08001bf0                DMAMUX_OVR_IRQHandler
                0x08001bf0                USBWakeUp_IRQHandler
                0x08001bf0                SAI1_IRQHandler
                0x08001bf0                DMA2_Channel3_IRQHandler
                0x08001bf0                COMP4_IRQHandler
                0x08001bf0                TIM1_BRK_TIM15_IRQHandler
 .text.HAL_Init
                0x08001bf2       0x30 ./Drivers/STM32G4xx_HAL_Driver/Src/stm32g4xx_hal.o
                0x08001bf2                HAL_Init
 *fill*         0x08001c22        0x2 
 .text.HAL_InitTick
                0x08001c24       0x74 ./Drivers/STM32G4xx_HAL_Driver/Src/stm32g4xx_hal.o
                0x08001c24                HAL_InitTick
 .text.HAL_IncTick
                0x08001c98       0x24 ./Drivers/STM32G4xx_HAL_Driver/Src/stm32g4xx_hal.o
                0x08001c98                HAL_IncTick
 .text.HAL_GetTick
                0x08001cbc       0x18 ./Drivers/STM32G4xx_HAL_Driver/Src/stm32g4xx_hal.o
                0x08001cbc                HAL_GetTick
 .text.HAL_Delay
                0x08001cd4       0x44 ./Drivers/STM32G4xx_HAL_Driver/Src/stm32g4xx_hal.o
                0x08001cd4                HAL_Delay
 .text.LL_ADC_SetCommonClock
                0x08001d18       0x26 ./Drivers/STM32G4xx_HAL_Driver/Src/stm32g4xx_hal_adc.o
 .text.LL_ADC_SetCommonPathInternalCh
                0x08001d3e       0x26 ./Drivers/STM32G4xx_HAL_Driver/Src/stm32g4xx_hal_adc.o
 .text.LL_ADC_GetCommonPathInternalCh
                0x08001d64       0x1c ./Drivers/STM32G4xx_HAL_Driver/Src/stm32g4xx_hal_adc.o
 .text.LL_ADC_SetOffset
                0x08001d80       0x48 ./Drivers/STM32G4xx_HAL_Driver/Src/stm32g4xx_hal_adc.o
 .text.LL_ADC_GetOffsetChannel
                0x08001dc8       0x2c ./Drivers/STM32G4xx_HAL_Driver/Src/stm32g4xx_hal_adc.o
 .text.LL_ADC_SetOffsetState
                0x08001df4       0x36 ./Drivers/STM32G4xx_HAL_Driver/Src/stm32g4xx_hal_adc.o
 .text.LL_ADC_SetOffsetSign
                0x08001e2a       0x36 ./Drivers/STM32G4xx_HAL_Driver/Src/stm32g4xx_hal_adc.o
 .text.LL_ADC_SetOffsetSaturation
                0x08001e60       0x36 ./Drivers/STM32G4xx_HAL_Driver/Src/stm32g4xx_hal_adc.o
 .text.LL_ADC_SetSamplingTimeCommonConfig
                0x08001e96       0x26 ./Drivers/STM32G4xx_HAL_Driver/Src/stm32g4xx_hal_adc.o
 .text.LL_ADC_REG_IsTriggerSourceSWStart
                0x08001ebc       0x26 ./Drivers/STM32G4xx_HAL_Driver/Src/stm32g4xx_hal_adc.o
 .text.LL_ADC_REG_SetSequencerRanks
                0x08001ee2       0x58 ./Drivers/STM32G4xx_HAL_Driver/Src/stm32g4xx_hal_adc.o
 .text.LL_ADC_SetChannelSamplingTime
                0x08001f3a       0x56 ./Drivers/STM32G4xx_HAL_Driver/Src/stm32g4xx_hal_adc.o
 .text.LL_ADC_SetChannelSingleDiff
                0x08001f90       0x48 ./Drivers/STM32G4xx_HAL_Driver/Src/stm32g4xx_hal_adc.o
 .text.LL_ADC_GetMultimode
                0x08001fd8       0x1c ./Drivers/STM32G4xx_HAL_Driver/Src/stm32g4xx_hal_adc.o
 .text.LL_ADC_GetMultiDMATransfer
                0x08001ff4       0x1c ./Drivers/STM32G4xx_HAL_Driver/Src/stm32g4xx_hal_adc.o
 .text.LL_ADC_DisableDeepPowerDown
                0x08002010       0x24 ./Drivers/STM32G4xx_HAL_Driver/Src/stm32g4xx_hal_adc.o
 .text.LL_ADC_IsDeepPowerDownEnabled
                0x08002034       0x28 ./Drivers/STM32G4xx_HAL_Driver/Src/stm32g4xx_hal_adc.o
 .text.LL_ADC_EnableInternalRegulator
                0x0800205c       0x28 ./Drivers/STM32G4xx_HAL_Driver/Src/stm32g4xx_hal_adc.o
 .text.LL_ADC_IsInternalRegulatorEnabled
                0x08002084       0x28 ./Drivers/STM32G4xx_HAL_Driver/Src/stm32g4xx_hal_adc.o
 .text.LL_ADC_Enable
                0x080020ac       0x28 ./Drivers/STM32G4xx_HAL_Driver/Src/stm32g4xx_hal_adc.o
 .text.LL_ADC_Disable
                0x080020d4       0x28 ./Drivers/STM32G4xx_HAL_Driver/Src/stm32g4xx_hal_adc.o
 .text.LL_ADC_IsEnabled
                0x080020fc       0x26 ./Drivers/STM32G4xx_HAL_Driver/Src/stm32g4xx_hal_adc.o
 .text.LL_ADC_IsDisableOngoing
                0x08002122       0x26 ./Drivers/STM32G4xx_HAL_Driver/Src/stm32g4xx_hal_adc.o
 .text.LL_ADC_REG_StartConversion
                0x08002148       0x28 ./Drivers/STM32G4xx_HAL_Driver/Src/stm32g4xx_hal_adc.o
 .text.LL_ADC_REG_IsConversionOngoing
                0x08002170       0x26 ./Drivers/STM32G4xx_HAL_Driver/Src/stm32g4xx_hal_adc.o
 .text.LL_ADC_INJ_IsConversionOngoing
                0x08002196       0x26 ./Drivers/STM32G4xx_HAL_Driver/Src/stm32g4xx_hal_adc.o
 .text.HAL_ADC_Init
                0x080021bc      0x308 ./Drivers/STM32G4xx_HAL_Driver/Src/stm32g4xx_hal_adc.o
                0x080021bc                HAL_ADC_Init
 .text.HAL_ADC_Start
                0x080024c4      0x178 ./Drivers/STM32G4xx_HAL_Driver/Src/stm32g4xx_hal_adc.o
                0x080024c4                HAL_ADC_Start
 .text.HAL_ADC_PollForConversion
                0x0800263c      0x1b0 ./Drivers/STM32G4xx_HAL_Driver/Src/stm32g4xx_hal_adc.o
                0x0800263c                HAL_ADC_PollForConversion
 .text.HAL_ADC_Start_DMA
                0x080027ec      0x168 ./Drivers/STM32G4xx_HAL_Driver/Src/stm32g4xx_hal_adc.o
                0x080027ec                HAL_ADC_Start_DMA
 .text.HAL_ADC_GetValue
                0x08002954       0x1a ./Drivers/STM32G4xx_HAL_Driver/Src/stm32g4xx_hal_adc.o
                0x08002954                HAL_ADC_GetValue
 .text.HAL_ADC_ConvCpltCallback
                0x0800296e       0x14 ./Drivers/STM32G4xx_HAL_Driver/Src/stm32g4xx_hal_adc.o
                0x0800296e                HAL_ADC_ConvCpltCallback
 .text.HAL_ADC_ConvHalfCpltCallback
                0x08002982       0x14 ./Drivers/STM32G4xx_HAL_Driver/Src/stm32g4xx_hal_adc.o
                0x08002982                HAL_ADC_ConvHalfCpltCallback
 .text.HAL_ADC_ErrorCallback
                0x08002996       0x14 ./Drivers/STM32G4xx_HAL_Driver/Src/stm32g4xx_hal_adc.o
                0x08002996                HAL_ADC_ErrorCallback
 *fill*         0x080029aa        0x2 
 .text.HAL_ADC_ConfigChannel
                0x080029ac      0x7e0 ./Drivers/STM32G4xx_HAL_Driver/Src/stm32g4xx_hal_adc.o
                0x080029ac                HAL_ADC_ConfigChannel
 .text.ADC_Enable
                0x0800318c      0x10c ./Drivers/STM32G4xx_HAL_Driver/Src/stm32g4xx_hal_adc.o
                0x0800318c                ADC_Enable
 .text.ADC_Disable
                0x08003298       0xbe ./Drivers/STM32G4xx_HAL_Driver/Src/stm32g4xx_hal_adc.o
                0x08003298                ADC_Disable
 .text.ADC_DMAConvCplt
                0x08003356       0xd8 ./Drivers/STM32G4xx_HAL_Driver/Src/stm32g4xx_hal_adc.o
                0x08003356                ADC_DMAConvCplt
 .text.ADC_DMAHalfConvCplt
                0x0800342e       0x1c ./Drivers/STM32G4xx_HAL_Driver/Src/stm32g4xx_hal_adc.o
                0x0800342e                ADC_DMAHalfConvCplt
 .text.ADC_DMAError
                0x0800344a       0x34 ./Drivers/STM32G4xx_HAL_Driver/Src/stm32g4xx_hal_adc.o
                0x0800344a                ADC_DMAError
 .text.LL_ADC_IsEnabled
                0x0800347e       0x26 ./Drivers/STM32G4xx_HAL_Driver/Src/stm32g4xx_hal_adc_ex.o
 .text.LL_ADC_StartCalibration
                0x080034a4       0x32 ./Drivers/STM32G4xx_HAL_Driver/Src/stm32g4xx_hal_adc_ex.o
 .text.LL_ADC_IsCalibrationOnGoing
                0x080034d6       0x28 ./Drivers/STM32G4xx_HAL_Driver/Src/stm32g4xx_hal_adc_ex.o
 .text.LL_ADC_REG_IsConversionOngoing
                0x080034fe       0x26 ./Drivers/STM32G4xx_HAL_Driver/Src/stm32g4xx_hal_adc_ex.o
 .text.HAL_ADCEx_Calibration_Start
                0x08003524       0xc4 ./Drivers/STM32G4xx_HAL_Driver/Src/stm32g4xx_hal_adc_ex.o
                0x08003524                HAL_ADCEx_Calibration_Start
 .text.HAL_ADCEx_MultiModeConfigChannel
                0x080035e8      0x148 ./Drivers/STM32G4xx_HAL_Driver/Src/stm32g4xx_hal_adc_ex.o
                0x080035e8                HAL_ADCEx_MultiModeConfigChannel
 .text.__NVIC_SetPriorityGrouping
                0x08003730       0x48 ./Drivers/STM32G4xx_HAL_Driver/Src/stm32g4xx_hal_cortex.o
 .text.__NVIC_GetPriorityGrouping
                0x08003778       0x1c ./Drivers/STM32G4xx_HAL_Driver/Src/stm32g4xx_hal_cortex.o
 .text.__NVIC_EnableIRQ
                0x08003794       0x3c ./Drivers/STM32G4xx_HAL_Driver/Src/stm32g4xx_hal_cortex.o
 .text.__NVIC_SetPriority
                0x080037d0       0x54 ./Drivers/STM32G4xx_HAL_Driver/Src/stm32g4xx_hal_cortex.o
 .text.NVIC_EncodePriority
                0x08003824       0x66 ./Drivers/STM32G4xx_HAL_Driver/Src/stm32g4xx_hal_cortex.o
 *fill*         0x0800388a        0x2 
 .text.SysTick_Config
                0x0800388c       0x44 ./Drivers/STM32G4xx_HAL_Driver/Src/stm32g4xx_hal_cortex.o
 .text.HAL_NVIC_SetPriorityGrouping
                0x080038d0       0x16 ./Drivers/STM32G4xx_HAL_Driver/Src/stm32g4xx_hal_cortex.o
                0x080038d0                HAL_NVIC_SetPriorityGrouping
 .text.HAL_NVIC_SetPriority
                0x080038e6       0x34 ./Drivers/STM32G4xx_HAL_Driver/Src/stm32g4xx_hal_cortex.o
                0x080038e6                HAL_NVIC_SetPriority
 .text.HAL_NVIC_EnableIRQ
                0x0800391a       0x1c ./Drivers/STM32G4xx_HAL_Driver/Src/stm32g4xx_hal_cortex.o
                0x0800391a                HAL_NVIC_EnableIRQ
 .text.HAL_SYSTICK_Config
                0x08003936       0x18 ./Drivers/STM32G4xx_HAL_Driver/Src/stm32g4xx_hal_cortex.o
                0x08003936                HAL_SYSTICK_Config
 *fill*         0x0800394e        0x2 
 .text.HAL_DMA_Init
                0x08003950      0x150 ./Drivers/STM32G4xx_HAL_Driver/Src/stm32g4xx_hal_dma.o
                0x08003950                HAL_DMA_Init
 .text.HAL_DMA_Start_IT
                0x08003aa0       0xf6 ./Drivers/STM32G4xx_HAL_Driver/Src/stm32g4xx_hal_dma.o
                0x08003aa0                HAL_DMA_Start_IT
 .text.HAL_DMA_IRQHandler
                0x08003b96      0x15e ./Drivers/STM32G4xx_HAL_Driver/Src/stm32g4xx_hal_dma.o
                0x08003b96                HAL_DMA_IRQHandler
 .text.DMA_SetConfig
                0x08003cf4       0x7c ./Drivers/STM32G4xx_HAL_Driver/Src/stm32g4xx_hal_dma.o
 .text.DMA_CalcDMAMUXChannelBaseAndMask
                0x08003d70       0x90 ./Drivers/STM32G4xx_HAL_Driver/Src/stm32g4xx_hal_dma.o
 .text.DMA_CalcDMAMUXRequestGenBaseAndMask
                0x08003e00       0x4c ./Drivers/STM32G4xx_HAL_Driver/Src/stm32g4xx_hal_dma.o
 .text.HAL_FDCAN_Init
                0x08003e4c      0x2b4 ./Drivers/STM32G4xx_HAL_Driver/Src/stm32g4xx_hal_fdcan.o
                0x08003e4c                HAL_FDCAN_Init
 .text.FDCAN_CalcultateRamBlockAddresses
                0x08004100       0xac ./Drivers/STM32G4xx_HAL_Driver/Src/stm32g4xx_hal_fdcan.o
 .text.HAL_GPIO_Init
                0x080041ac      0x318 ./Drivers/STM32G4xx_HAL_Driver/Src/stm32g4xx_hal_gpio.o
                0x080041ac                HAL_GPIO_Init
 .text.HAL_GPIO_WritePin
                0x080044c4       0x30 ./Drivers/STM32G4xx_HAL_Driver/Src/stm32g4xx_hal_gpio.o
                0x080044c4                HAL_GPIO_WritePin
 .text.HAL_GPIO_TogglePin
                0x080044f4       0x34 ./Drivers/STM32G4xx_HAL_Driver/Src/stm32g4xx_hal_gpio.o
                0x080044f4                HAL_GPIO_TogglePin
 .text.HAL_PWREx_ControlVoltageScaling
                0x08004528      0x148 ./Drivers/STM32G4xx_HAL_Driver/Src/stm32g4xx_hal_pwr_ex.o
                0x08004528                HAL_PWREx_ControlVoltageScaling
 .text.HAL_RCC_OscConfig
                0x08004670      0x624 ./Drivers/STM32G4xx_HAL_Driver/Src/stm32g4xx_hal_rcc.o
                0x08004670                HAL_RCC_OscConfig
 .text.HAL_RCC_ClockConfig
                0x08004c94      0x278 ./Drivers/STM32G4xx_HAL_Driver/Src/stm32g4xx_hal_rcc.o
                0x08004c94                HAL_RCC_ClockConfig
 .text.HAL_RCC_GetSysClockFreq
                0x08004f0c       0xc0 ./Drivers/STM32G4xx_HAL_Driver/Src/stm32g4xx_hal_rcc.o
                0x08004f0c                HAL_RCC_GetSysClockFreq
 .text.RCC_GetSysClockFreqFromPLLSource
                0x08004fcc       0x88 ./Drivers/STM32G4xx_HAL_Driver/Src/stm32g4xx_hal_rcc.o
 .text.HAL_RCCEx_PeriphCLKConfig
                0x08005054      0x3e0 ./Drivers/STM32G4xx_HAL_Driver/Src/stm32g4xx_hal_rcc_ex.o
                0x08005054                HAL_RCCEx_PeriphCLKConfig
 .text.HAL_TIM_Base_Init
                0x08005434       0xae ./Drivers/STM32G4xx_HAL_Driver/Src/stm32g4xx_hal_tim.o
                0x08005434                HAL_TIM_Base_Init
 *fill*         0x080054e2        0x2 
 .text.HAL_TIM_Base_Start
                0x080054e4       0xc4 ./Drivers/STM32G4xx_HAL_Driver/Src/stm32g4xx_hal_tim.o
                0x080054e4                HAL_TIM_Base_Start
 .text.HAL_TIM_ConfigClockSource
                0x080055a8      0x1f4 ./Drivers/STM32G4xx_HAL_Driver/Src/stm32g4xx_hal_tim.o
                0x080055a8                HAL_TIM_ConfigClockSource
 .text.TIM_Base_SetConfig
                0x0800579c      0x12c ./Drivers/STM32G4xx_HAL_Driver/Src/stm32g4xx_hal_tim.o
                0x0800579c                TIM_Base_SetConfig
 .text.TIM_TI1_ConfigInputStage
                0x080058c8       0xa8 ./Drivers/STM32G4xx_HAL_Driver/Src/stm32g4xx_hal_tim.o
 .text.TIM_TI2_ConfigInputStage
                0x08005970       0x84 ./Drivers/STM32G4xx_HAL_Driver/Src/stm32g4xx_hal_tim.o
 .text.TIM_ITRx_SetConfig
                0x080059f4       0x3a ./Drivers/STM32G4xx_HAL_Driver/Src/stm32g4xx_hal_tim.o
 .text.TIM_ETR_SetConfig
                0x08005a2e       0x40 ./Drivers/STM32G4xx_HAL_Driver/Src/stm32g4xx_hal_tim.o
                0x08005a2e                TIM_ETR_SetConfig
 *fill*         0x08005a6e        0x2 
 .text.HAL_TIMEx_MasterConfigSynchronization
                0x08005a70      0x104 ./Drivers/STM32G4xx_HAL_Driver/Src/stm32g4xx_hal_tim_ex.o
                0x08005a70                HAL_TIMEx_MasterConfigSynchronization
 .text.snprintf
                0x08005b74       0x6c C:/ST/STM32CubeIDE_2.1.1/STM32CubeIDE/plugins/com.st.stm32cube.ide.mcu.externaltools.gnu-tools-for-stm32.14.3.rel1.win32_1.0.100.202602081740/tools/bin/../lib/gcc/arm-none-eabi/14.3.1/../../../../arm-none-eabi/lib/thumb/v7e-m+fp/hard\libc_nano.a(libc_a-snprintf.o)
                0x08005b74                sniprintf
                0x08005b74                snprintf
 .text.memset   0x08005be0       0x10 C:/ST/STM32CubeIDE_2.1.1/STM32CubeIDE/plugins/com.st.stm32cube.ide.mcu.externaltools.gnu-tools-for-stm32.14.3.rel1.win32_1.0.100.202602081740/tools/bin/../lib/gcc/arm-none-eabi/14.3.1/../../../../arm-none-eabi/lib/thumb/v7e-m+fp/hard\libc_nano.a(libc_a-memset.o)
                0x08005be0                memset
 .text.__errno  0x08005bf0        0xc C:/ST/STM32CubeIDE_2.1.1/STM32CubeIDE/plugins/com.st.stm32cube.ide.mcu.externaltools.gnu-tools-for-stm32.14.3.rel1.win32_1.0.100.202602081740/tools/bin/../lib/gcc/arm-none-eabi/14.3.1/../../../../arm-none-eabi/lib/thumb/v7e-m+fp/hard\libc_nano.a(libc_a-errno.o)
                0x08005bf0                __errno
 .text.__libc_init_array
                0x08005bfc       0x48 C:/ST/STM32CubeIDE_2.1.1/STM32CubeIDE/plugins/com.st.stm32cube.ide.mcu.externaltools.gnu-tools-for-stm32.14.3.rel1.win32_1.0.100.202602081740/tools/bin/../lib/gcc/arm-none-eabi/14.3.1/../../../../arm-none-eabi/lib/thumb/v7e-m+fp/hard\libc_nano.a(libc_a-init.o)
                0x08005bfc                __libc_init_array
 .text.__retarget_lock_acquire_recursive
                0x08005c44        0x2 C:/ST/STM32CubeIDE_2.1.1/STM32CubeIDE/plugins/com.st.stm32cube.ide.mcu.externaltools.gnu-tools-for-stm32.14.3.rel1.win32_1.0.100.202602081740/tools/bin/../lib/gcc/arm-none-eabi/14.3.1/../../../../arm-none-eabi/lib/thumb/v7e-m+fp/hard\libc_nano.a(libc_a-lock.o)
                0x08005c44                __retarget_lock_acquire_recursive
 .text.__retarget_lock_release_recursive
                0x08005c46        0x2 C:/ST/STM32CubeIDE_2.1.1/STM32CubeIDE/plugins/com.st.stm32cube.ide.mcu.externaltools.gnu-tools-for-stm32.14.3.rel1.win32_1.0.100.202602081740/tools/bin/../lib/gcc/arm-none-eabi/14.3.1/../../../../arm-none-eabi/lib/thumb/v7e-m+fp/hard\libc_nano.a(libc_a-lock.o)
                0x08005c46                __retarget_lock_release_recursive
 .text.memcpy   0x08005c48       0x1c C:/ST/STM32CubeIDE_2.1.1/STM32CubeIDE/plugins/com.st.stm32cube.ide.mcu.externaltools.gnu-tools-for-stm32.14.3.rel1.win32_1.0.100.202602081740/tools/bin/../lib/gcc/arm-none-eabi/14.3.1/../../../../arm-none-eabi/lib/thumb/v7e-m+fp/hard\libc_nano.a(libc_a-memcpy-stub.o)
                0x08005c48                memcpy
 .text._free_r  0x08005c64       0x94 C:/ST/STM32CubeIDE_2.1.1/STM32CubeIDE/plugins/com.st.stm32cube.ide.mcu.externaltools.gnu-tools-for-stm32.14.3.rel1.win32_1.0.100.202602081740/tools/bin/../lib/gcc/arm-none-eabi/14.3.1/../../../../arm-none-eabi/lib/thumb/v7e-m+fp/hard\libc_nano.a(libc_a-freer.o)
                0x08005c64                _free_r
 .text.sbrk_aligned
                0x08005cf8       0x44 C:/ST/STM32CubeIDE_2.1.1/STM32CubeIDE/plugins/com.st.stm32cube.ide.mcu.externaltools.gnu-tools-for-stm32.14.3.rel1.win32_1.0.100.202602081740/tools/bin/../lib/gcc/arm-none-eabi/14.3.1/../../../../arm-none-eabi/lib/thumb/v7e-m+fp/hard\libc_nano.a(libc_a-mallocr.o)
 .text._malloc_r
                0x08005d3c      0x100 C:/ST/STM32CubeIDE_2.1.1/STM32CubeIDE/plugins/com.st.stm32cube.ide.mcu.externaltools.gnu-tools-for-stm32.14.3.rel1.win32_1.0.100.202602081740/tools/bin/../lib/gcc/arm-none-eabi/14.3.1/../../../../arm-none-eabi/lib/thumb/v7e-m+fp/hard\libc_nano.a(libc_a-mallocr.o)
                0x08005d3c                _malloc_r
 .text.__malloc_lock
                0x08005e3c        0xc C:/ST/STM32CubeIDE_2.1.1/STM32CubeIDE/plugins/com.st.stm32cube.ide.mcu.externaltools.gnu-tools-for-stm32.14.3.rel1.win32_1.0.100.202602081740/tools/bin/../lib/gcc/arm-none-eabi/14.3.1/../../../../arm-none-eabi/lib/thumb/v7e-m+fp/hard\libc_nano.a(libc_a-mlock.o)
                0x08005e3c                __malloc_lock
 .text.__malloc_unlock
                0x08005e48        0xc C:/ST/STM32CubeIDE_2.1.1/STM32CubeIDE/plugins/com.st.stm32cube.ide.mcu.externaltools.gnu-tools-for-stm32.14.3.rel1.win32_1.0.100.202602081740/tools/bin/../lib/gcc/arm-none-eabi/14.3.1/../../../../arm-none-eabi/lib/thumb/v7e-m+fp/hard\libc_nano.a(libc_a-mlock.o)
                0x08005e48                __malloc_unlock
 .text.__ssputs_r
                0x08005e54       0xc0 C:/ST/STM32CubeIDE_2.1.1/STM32CubeIDE/plugins/com.st.stm32cube.ide.mcu.externaltools.gnu-tools-for-stm32.14.3.rel1.win32_1.0.100.202602081740/tools/bin/../lib/gcc/arm-none-eabi/14.3.1/../../../../arm-none-eabi/lib/thumb/v7e-m+fp/hard\libc_nano.a(libc_a-nano-svfprintf.o)
                0x08005e54                __ssputs_r
 .text._svfprintf_r
                0x08005f14      0x1f0 C:/ST/STM32CubeIDE_2.1.1/STM32CubeIDE/plugins/com.st.stm32cube.ide.mcu.externaltools.gnu-tools-for-stm32.14.3.rel1.win32_1.0.100.202602081740/tools/bin/../lib/gcc/arm-none-eabi/14.3.1/../../../../arm-none-eabi/lib/thumb/v7e-m+fp/hard\libc_nano.a(libc_a-nano-svfprintf.o)
                0x08005f14                _svfiprintf_r
                0x08005f14                _svfprintf_r
 .text._printf_common
                0x08006104       0xda C:/ST/STM32CubeIDE_2.1.1/STM32CubeIDE/plugins/com.st.stm32cube.ide.mcu.externaltools.gnu-tools-for-stm32.14.3.rel1.win32_1.0.100.202602081740/tools/bin/../lib/gcc/arm-none-eabi/14.3.1/../../../../arm-none-eabi/lib/thumb/v7e-m+fp/hard\libc_nano.a(libc_a-nano-vfprintf_i.o)
                0x08006104                _printf_common
 *fill*         0x080061de        0x2 
 .text._printf_i
                0x080061e0      0x24c C:/ST/STM32CubeIDE_2.1.1/STM32CubeIDE/plugins/com.st.stm32cube.ide.mcu.externaltools.gnu-tools-for-stm32.14.3.rel1.win32_1.0.100.202602081740/tools/bin/../lib/gcc/arm-none-eabi/14.3.1/../../../../arm-none-eabi/lib/thumb/v7e-m+fp/hard\libc_nano.a(libc_a-nano-vfprintf_i.o)
                0x080061e0                _printf_i
 .text.memmove  0x0800642c       0x32 C:/ST/STM32CubeIDE_2.1.1/STM32CubeIDE/plugins/com.st.stm32cube.ide.mcu.externaltools.gnu-tools-for-stm32.14.3.rel1.win32_1.0.100.202602081740/tools/bin/../lib/gcc/arm-none-eabi/14.3.1/../../../../arm-none-eabi/lib/thumb/v7e-m+fp/hard\libc_nano.a(libc_a-memmove.o)
                0x0800642c                memmove
 *fill*         0x0800645e        0x2 
 .text._sbrk_r  0x08006460       0x20 C:/ST/STM32CubeIDE_2.1.1/STM32CubeIDE/plugins/com.st.stm32cube.ide.mcu.externaltools.gnu-tools-for-stm32.14.3.rel1.win32_1.0.100.202602081740/tools/bin/../lib/gcc/arm-none-eabi/14.3.1/../../../../arm-none-eabi/lib/thumb/v7e-m+fp/hard\libc_nano.a(libc_a-sbrkr.o)
                0x08006460                _sbrk_r
 .text._realloc_r
                0x08006480       0x5c C:/ST/STM32CubeIDE_2.1.1/STM32CubeIDE/plugins/com.st.stm32cube.ide.mcu.externaltools.gnu-tools-for-stm32.14.3.rel1.win32_1.0.100.202602081740/tools/bin/../lib/gcc/arm-none-eabi/14.3.1/../../../../arm-none-eabi/lib/thumb/v7e-m+fp/hard\libc_nano.a(libc_a-reallocr.o)
                0x08006480                _realloc_r
 .text._malloc_usable_size_r
                0x080064dc       0x10 C:/ST/STM32CubeIDE_2.1.1/STM32CubeIDE/plugins/com.st.stm32cube.ide.mcu.externaltools.gnu-tools-for-stm32.14.3.rel1.win32_1.0.100.202602081740/tools/bin/../lib/gcc/arm-none-eabi/14.3.1/../../../../arm-none-eabi/lib/thumb/v7e-m+fp/hard\libc_nano.a(libc_a-msizer.o)
                0x080064dc                _malloc_usable_size_r
 .text.floorf   0x080064ec       0x94 C:/ST/STM32CubeIDE_2.1.1/STM32CubeIDE/plugins/com.st.stm32cube.ide.mcu.externaltools.gnu-tools-for-stm32.14.3.rel1.win32_1.0.100.202602081740/tools/bin/../lib/gcc/arm-none-eabi/14.3.1/../../../../arm-none-eabi/lib/thumb/v7e-m+fp/hard\libm.a(libm_a-sf_floor.o)
                0x080064ec                floorf
 *(.glue_7)
 .glue_7        0x08006580        0x0 linker stubs
 *(.glue_7t)
 .glue_7t       0x08006580        0x0 linker stubs
 *(.eh_frame)
 .eh_frame      0x08006580        0x0 C:/ST/STM32CubeIDE_2.1.1/STM32CubeIDE/plugins/com.st.stm32cube.ide.mcu.externaltools.gnu-tools-for-stm32.14.3.rel1.win32_1.0.100.202602081740/tools/bin/../lib/gcc/arm-none-eabi/14.3.1/thumb/v7e-m+fp/hard/crtbegin.o
 *(.init)
 .init          0x08006580        0x4 C:/ST/STM32CubeIDE_2.1.1/STM32CubeIDE/plugins/com.st.stm32cube.ide.mcu.externaltools.gnu-tools-for-stm32.14.3.rel1.win32_1.0.100.202602081740/tools/bin/../lib/gcc/arm-none-eabi/14.3.1/thumb/v7e-m+fp/hard/crti.o
                0x08006580                _init
 .init          0x08006584        0x8 C:/ST/STM32CubeIDE_2.1.1/STM32CubeIDE/plugins/com.st.stm32cube.ide.mcu.externaltools.gnu-tools-for-stm32.14.3.rel1.win32_1.0.100.202602081740/tools/bin/../lib/gcc/arm-none-eabi/14.3.1/thumb/v7e-m+fp/hard/crtn.o
 *(.fini)
 .fini          0x0800658c        0x4 C:/ST/STM32CubeIDE_2.1.1/STM32CubeIDE/plugins/com.st.stm32cube.ide.mcu.externaltools.gnu-tools-for-stm32.14.3.rel1.win32_1.0.100.202602081740/tools/bin/../lib/gcc/arm-none-eabi/14.3.1/thumb/v7e-m+fp/hard/crti.o
                0x0800658c                _fini
 .fini          0x08006590        0x8 C:/ST/STM32CubeIDE_2.1.1/STM32CubeIDE/plugins/com.st.stm32cube.ide.mcu.externaltools.gnu-tools-for-stm32.14.3.rel1.win32_1.0.100.202602081740/tools/bin/../lib/gcc/arm-none-eabi/14.3.1/thumb/v7e-m+fp/hard/crtn.o
                0x08006598                        . = ALIGN (0x4)
                0x08006598                        _etext = .

.vfp11_veneer   0x08006598        0x0
 .vfp11_veneer  0x08006598        0x0 linker stubs

.v4_bx          0x08006598        0x0
 .v4_bx         0x08006598        0x0 linker stubs

.iplt           0x08006598        0x0
 .iplt          0x08006598        0x0 C:/ST/STM32CubeIDE_2.1.1/STM32CubeIDE/plugins/com.st.stm32cube.ide.mcu.externaltools.gnu-tools-for-stm32.14.3.rel1.win32_1.0.100.202602081740/tools/bin/../lib/gcc/arm-none-eabi/14.3.1/thumb/v7e-m+fp/hard/crtbegin.o

.rodata         0x08006598       0xa8
                0x08006598                        . = ALIGN (0x4)
 *(.rodata)
 .rodata        0x08006598        0x4 ./Core/Src/st7565_gfx.o
 *(.rodata*)
 .rodata.s_font
                0x0800659c       0x60 ./Core/Src/st7565_gfx.o
 .rodata.AHBPrescTable
                0x080065fc       0x10 ./Core/Src/system_stm32g4xx.o
                0x080065fc                AHBPrescTable
 .rodata._svfprintf_r.str1.1
                0x0800660c       0x33 C:/ST/STM32CubeIDE_2.1.1/STM32CubeIDE/plugins/com.st.stm32cube.ide.mcu.externaltools.gnu-tools-for-stm32.14.3.rel1.win32_1.0.100.202602081740/tools/bin/../lib/gcc/arm-none-eabi/14.3.1/../../../../arm-none-eabi/lib/thumb/v7e-m+fp/hard\libc_nano.a(libc_a-nano-svfprintf.o)
                                 0x11 (size before relaxing)
 .rodata._printf_i.str1.1
                0x0800663f       0x22 C:/ST/STM32CubeIDE_2.1.1/STM32CubeIDE/plugins/com.st.stm32cube.ide.mcu.externaltools.gnu-tools-for-stm32.14.3.rel1.win32_1.0.100.202602081740/tools/bin/../lib/gcc/arm-none-eabi/14.3.1/../../../../arm-none-eabi/lib/thumb/v7e-m+fp/hard\libc_nano.a(libc_a-nano-vfprintf_i.o)
                0x08006664                        . = ALIGN (0x4)
 *fill*         0x0800663f        0x1 

.ARM.extab      0x08006640        0x0
                0x08006640                        . = ALIGN (0x4)
 *(.ARM.extab* .gnu.linkonce.armextab.*)
                0x08006640                        . = ALIGN (0x4)

.ARM            0x08006640        0x8
                0x08006640                        . = ALIGN (0x4)
                0x08006640                        __exidx_start = .
 *(.ARM.exidx*)
 .ARM.exidx     0x08006640        0x8 C:/ST/STM32CubeIDE_2.1.1/STM32CubeIDE/plugins/com.st.stm32cube.ide.mcu.externaltools.gnu-tools-for-stm32.14.3.rel1.win32_1.0.100.202602081740/tools/bin/../lib/gcc/arm-none-eabi/14.3.1/../../../../arm-none-eabi/lib/thumb/v7e-m+fp/hard\libc_nano.a(libc_a-memchr.o)
                0x08006648                        __exidx_end = .
                0x08006648                        . = ALIGN (0x4)

.preinit_array  0x08006648        0x0
                0x08006648                        . = ALIGN (0x4)
                0x08006648                        PROVIDE (__preinit_array_start = .)
 *(.preinit_array*)
                0x08006648                        PROVIDE (__preinit_array_end = .)
                0x08006648                        . = ALIGN (0x4)

.init_array     0x08006648        0x4
                0x08006648                        . = ALIGN (0x4)
                0x08006648                        PROVIDE (__init_array_start = .)
 *(SORT_BY_NAME(.init_array.*))
 *(.init_array*)
 .init_array    0x08006648        0x4 C:/ST/STM32CubeIDE_2.1.1/STM32CubeIDE/plugins/com.st.stm32cube.ide.mcu.externaltools.gnu-tools-for-stm32.14.3.rel1.win32_1.0.100.202602081740/tools/bin/../lib/gcc/arm-none-eabi/14.3.1/thumb/v7e-m+fp/hard/crtbegin.o
                0x0800664c                        PROVIDE (__init_array_end = .)
                0x0800664c                        . = ALIGN (0x4)

.fini_array     0x0800664c        0x4
                0x0800664c                        . = ALIGN (0x4)
                [!provide]                        PROVIDE (__fini_array_start = .)
 *(SORT_BY_NAME(.fini_array.*))
 *(.fini_array*)
 .fini_array    0x0800664c        0x4 C:/ST/STM32CubeIDE_2.1.1/STM32CubeIDE/plugins/com.st.stm32cube.ide.mcu.externaltools.gnu-tools-for-stm32.14.3.rel1.win32_1.0.100.202602081740/tools/bin/../lib/gcc/arm-none-eabi/14.3.1/thumb/v7e-m+fp/hard/crtbegin.o
                [!provide]                        PROVIDE (__fini_array_end = .)
                0x08006650                        . = ALIGN (0x4)
                0x08006650                        _sidata = LOADADDR (.data)

.rel.dyn        0x08006650        0x0
 .rel.iplt      0x08006650        0x0 C:/ST/STM32CubeIDE_2.1.1/STM32CubeIDE/plugins/com.st.stm32cube.ide.mcu.externaltools.gnu-tools-for-stm32.14.3.rel1.win32_1.0.100.202602081740/tools/bin/../lib/gcc/arm-none-eabi/14.3.1/thumb/v7e-m+fp/hard/crtbegin.o

.data           0x20000000       0x68 load address 0x08006650
                0x20000000                        . = ALIGN (0x4)
                0x20000000                        _sdata = .
 *(.data)
 *(.data*)
 .data.ema_value
                0x20000000        0x4 ./Core/Src/fuel_level_filter.o
 .data.displayed_value
                0x20000004        0x4 ./Core/Src/fuel_level_filter.o
 .data.s_strobe_delay_cycles
                0x20000008        0x4 ./Core/Src/st7565_8080.o
 .data.SystemCoreClock
                0x2000000c        0x4 ./Core/Src/system_stm32g4xx.o
                0x2000000c                SystemCoreClock
 .data.uwTickPrio
                0x20000010        0x4 ./Drivers/STM32G4xx_HAL_Driver/Src/stm32g4xx_hal.o
                0x20000010                uwTickPrio
 .data.uwTickFreq
                0x20000014        0x4 ./Drivers/STM32G4xx_HAL_Driver/Src/stm32g4xx_hal.o
                0x20000014                uwTickFreq
 .data._impure_ptr
                0x20000018        0x4 C:/ST/STM32CubeIDE_2.1.1/STM32CubeIDE/plugins/com.st.stm32cube.ide.mcu.externaltools.gnu-tools-for-stm32.14.3.rel1.win32_1.0.100.202602081740/tools/bin/../lib/gcc/arm-none-eabi/14.3.1/../../../../arm-none-eabi/lib/thumb/v7e-m+fp/hard\libc_nano.a(libc_a-impure.o)
                0x20000018                _impure_ptr
 .data._impure_data
                0x2000001c       0x4c C:/ST/STM32CubeIDE_2.1.1/STM32CubeIDE/plugins/com.st.stm32cube.ide.mcu.externaltools.gnu-tools-for-stm32.14.3.rel1.win32_1.0.100.202602081740/tools/bin/../lib/gcc/arm-none-eabi/14.3.1/../../../../arm-none-eabi/lib/thumb/v7e-m+fp/hard\libc_nano.a(libc_a-impure.o)
                0x2000001c                _impure_data
 *(.RamFunc)
 *(.RamFunc*)
                0x20000068                        . = ALIGN (0x4)
                0x20000068                        _edata = .

.igot.plt       0x20000068        0x0 load address 0x080066b8
 .igot.plt      0x20000068        0x0 C:/ST/STM32CubeIDE_2.1.1/STM32CubeIDE/plugins/com.st.stm32cube.ide.mcu.externaltools.gnu-tools-for-stm32.14.3.rel1.win32_1.0.100.202602081740/tools/bin/../lib/gcc/arm-none-eabi/14.3.1/thumb/v7e-m+fp/hard/crtbegin.o
                0x20000068                        . = ALIGN (0x4)

.bss            0x20000068      0x6ac load address 0x080066b8
                0x20000068                        _sbss = .
                0x20000068                        __bss_start__ = _sbss
 *(.bss)
 .bss           0x20000068       0x1c C:/ST/STM32CubeIDE_2.1.1/STM32CubeIDE/plugins/com.st.stm32cube.ide.mcu.externaltools.gnu-tools-for-stm32.14.3.rel1.win32_1.0.100.202602081740/tools/bin/../lib/gcc/arm-none-eabi/14.3.1/thumb/v7e-m+fp/hard/crtbegin.o
 *(.bss*)
 .bss.adc_dma_buf
                0x20000084        0x8 ./Core/Src/fuel_level_filter.o
 .bss.median_ring
                0x2000008c       0xa0 ./Core/Src/fuel_level_filter.o
 .bss.median_scratch
                0x2000012c       0xa0 ./Core/Src/fuel_level_filter.o
 .bss.median_ring_idx
                0x200001cc        0x2 ./Core/Src/fuel_level_filter.o
 .bss.median_ring_filled
                0x200001ce        0x1 ./Core/Src/fuel_level_filter.o
 *fill*         0x200001cf        0x1 
 .bss.hadc1     0x200001d0       0x6c ./Core/Src/main.o
                0x200001d0                hadc1
 .bss.hadc2     0x2000023c       0x6c ./Core/Src/main.o
                0x2000023c                hadc2
 .bss.hdma_adc1
                0x200002a8       0x60 ./Core/Src/main.o
                0x200002a8                hdma_adc1
 .bss.hfdcan1   0x20000308       0x64 ./Core/Src/main.o
                0x20000308                hfdcan1
 .bss.htim3     0x2000036c       0x4c ./Core/Src/main.o
                0x2000036c                htim3
 .bss.ADC1_Value
                0x200003b8        0x2 ./Core/Src/main.o
                0x200003b8                ADC1_Value
 .bss.ADC2_Value
                0x200003ba        0x2 ./Core/Src/main.o
                0x200003ba                ADC2_Value
 .bss.fuel_level
                0x200003bc        0x2 ./Core/Src/main.o
                0x200003bc                fuel_level
 *fill*         0x200003be        0x2 
 .bss.s_framebuffer
                0x200003c0      0x200 ./Core/Src/st7565_gfx.o
 .bss.HAL_RCC_ADC12_CLK_ENABLED
                0x200005c0        0x4 ./Core/Src/stm32g4xx_hal_msp.o
 .bss.__sbrk_heap_end
                0x200005c4        0x4 ./Core/Src/sysmem.o
 .bss.uwTick    0x200005c8        0x4 ./Drivers/STM32G4xx_HAL_Driver/Src/stm32g4xx_hal.o
                0x200005c8                uwTick
 .bss.__sf      0x200005cc      0x138 C:/ST/STM32CubeIDE_2.1.1/STM32CubeIDE/plugins/com.st.stm32cube.ide.mcu.externaltools.gnu-tools-for-stm32.14.3.rel1.win32_1.0.100.202602081740/tools/bin/../lib/gcc/arm-none-eabi/14.3.1/../../../../arm-none-eabi/lib/thumb/v7e-m+fp/hard\libc_nano.a(libc_a-findfp.o)
                0x200005cc                __sf
 .bss.errno     0x20000704        0x4 C:/ST/STM32CubeIDE_2.1.1/STM32CubeIDE/plugins/com.st.stm32cube.ide.mcu.externaltools.gnu-tools-for-stm32.14.3.rel1.win32_1.0.100.202602081740/tools/bin/../lib/gcc/arm-none-eabi/14.3.1/../../../../arm-none-eabi/lib/thumb/v7e-m+fp/hard\libc_nano.a(libc_a-reent.o)
                0x20000704                errno
 .bss.__lock___malloc_recursive_mutex
                0x20000708        0x1 C:/ST/STM32CubeIDE_2.1.1/STM32CubeIDE/plugins/com.st.stm32cube.ide.mcu.externaltools.gnu-tools-for-stm32.14.3.rel1.win32_1.0.100.202602081740/tools/bin/../lib/gcc/arm-none-eabi/14.3.1/../../../../arm-none-eabi/lib/thumb/v7e-m+fp/hard\libc_nano.a(libc_a-lock.o)
                0x20000708                __lock___malloc_recursive_mutex
 *fill*         0x20000709        0x3 
 .bss.__malloc_sbrk_start
                0x2000070c        0x4 C:/ST/STM32CubeIDE_2.1.1/STM32CubeIDE/plugins/com.st.stm32cube.ide.mcu.externaltools.gnu-tools-for-stm32.14.3.rel1.win32_1.0.100.202602081740/tools/bin/../lib/gcc/arm-none-eabi/14.3.1/../../../../arm-none-eabi/lib/thumb/v7e-m+fp/hard\libc_nano.a(libc_a-mallocr.o)
                0x2000070c                __malloc_sbrk_start
 .bss.__malloc_free_list
                0x20000710        0x4 C:/ST/STM32CubeIDE_2.1.1/STM32CubeIDE/plugins/com.st.stm32cube.ide.mcu.externaltools.gnu-tools-for-stm32.14.3.rel1.win32_1.0.100.202602081740/tools/bin/../lib/gcc/arm-none-eabi/14.3.1/../../../../arm-none-eabi/lib/thumb/v7e-m+fp/hard\libc_nano.a(libc_a-mallocr.o)
                0x20000710                __malloc_free_list
 *(COMMON)
                0x20000714                        . = ALIGN (0x4)
                0x20000714                        _ebss = .
                0x20000714                        __bss_end__ = _ebss

._user_heap_stack
                0x20000714      0x604 load address 0x080066b8
                0x20000718                        . = ALIGN (0x8)
 *fill*         0x20000714        0x4 
                [!provide]                        PROVIDE (end = .)
                0x20000718                        PROVIDE (_end = .)
                0x20000918                        . = (. + _Min_Heap_Size)
 *fill*         0x20000718      0x200 
                0x20000d18                        . = (. + _Min_Stack_Size)
 *fill*         0x20000918      0x400 
                0x20000d18                        . = ALIGN (0x8)

/DISCARD/
 libc.a(*)
 libm.a(*)
 libgcc.a(*)

.ARM.attributes
                0x00000000       0x30
 *(.ARM.attributes)
 .ARM.attributes
                0x00000000       0x22 C:/ST/STM32CubeIDE_2.1.1/STM32CubeIDE/plugins/com.st.stm32cube.ide.mcu.externaltools.gnu-tools-for-stm32.14.3.rel1.win32_1.0.100.202602081740/tools/bin/../lib/gcc/arm-none-eabi/14.3.1/thumb/v7e-m+fp/hard/crti.o
 .ARM.attributes
                0x00000022       0x34 C:/ST/STM32CubeIDE_2.1.1/STM32CubeIDE/plugins/com.st.stm32cube.ide.mcu.externaltools.gnu-tools-for-stm32.14.3.rel1.win32_1.0.100.202602081740/tools/bin/../lib/gcc/arm-none-eabi/14.3.1/thumb/v7e-m+fp/hard/crtbegin.o
 .ARM.attributes
                0x00000056       0x34 ./Core/Src/fuel_level_filter.o
 .ARM.attributes
                0x0000008a       0x34 ./Core/Src/main.o
 .ARM.attributes
                0x000000be       0x34 ./Core/Src/st7565_8080.o
 .ARM.attributes
                0x000000f2       0x34 ./Core/Src/st7565_gfx.o
 .ARM.attributes
                0x00000126       0x34 ./Core/Src/stm32g4xx_hal_msp.o
 .ARM.attributes
                0x0000015a       0x34 ./Core/Src/stm32g4xx_it.o
 .ARM.attributes
                0x0000018e       0x34 ./Core/Src/sysmem.o
 .ARM.attributes
                0x000001c2       0x34 ./Core/Src/system_stm32g4xx.o
 .ARM.attributes
                0x000001f6       0x21 ./Core/Startup/startup_stm32g431cbtx.o
 .ARM.attributes
                0x00000217       0x34 ./Drivers/STM32G4xx_HAL_Driver/Src/stm32g4xx_hal.o
 .ARM.attributes
                0x0000024b       0x34 ./Drivers/STM32G4xx_HAL_Driver/Src/stm32g4xx_hal_adc.o
 .ARM.attributes
                0x0000027f       0x34 ./Drivers/STM32G4xx_HAL_Driver/Src/stm32g4xx_hal_adc_ex.o
 .ARM.attributes
                0x000002b3       0x34 ./Drivers/STM32G4xx_HAL_Driver/Src/stm32g4xx_hal_cortex.o
 .ARM.attributes
                0x000002e7       0x34 ./Drivers/STM32G4xx_HAL_Driver/Src/stm32g4xx_hal_dma.o
 .ARM.attributes
                0x0000031b       0x34 ./Drivers/STM32G4xx_HAL_Driver/Src/stm32g4xx_hal_fdcan.o
 .ARM.attributes
                0x0000034f       0x34 ./Drivers/STM32G4xx_HAL_Driver/Src/stm32g4xx_hal_gpio.o
 .ARM.attributes
                0x00000383       0x34 ./Drivers/STM32G4xx_HAL_Driver/Src/stm32g4xx_hal_pwr_ex.o
 .ARM.attributes
                0x000003b7       0x34 ./Drivers/STM32G4xx_HAL_Driver/Src/stm32g4xx_hal_rcc.o
 .ARM.attributes
                0x000003eb       0x34 ./Drivers/STM32G4xx_HAL_Driver/Src/stm32g4xx_hal_rcc_ex.o
 .ARM.attributes
                0x0000041f       0x34 ./Drivers/STM32G4xx_HAL_Driver/Src/stm32g4xx_hal_tim.o
 .ARM.attributes
                0x00000453       0x34 ./Drivers/STM32G4xx_HAL_Driver/Src/stm32g4xx_hal_tim_ex.o
 .ARM.attributes
                0x00000487       0x34 C:/ST/STM32CubeIDE_2.1.1/STM32CubeIDE/plugins/com.st.stm32cube.ide.mcu.externaltools.gnu-tools-for-stm32.14.3.rel1.win32_1.0.100.202602081740/tools/bin/../lib/gcc/arm-none-eabi/14.3.1/../../../../arm-none-eabi/lib/thumb/v7e-m+fp/hard\libc_nano.a(libc_a-findfp.o)
 .ARM.attributes
                0x000004bb       0x34 C:/ST/STM32CubeIDE_2.1.1/STM32CubeIDE/plugins/com.st.stm32cube.ide.mcu.externaltools.gnu-tools-for-stm32.14.3.rel1.win32_1.0.100.202602081740/tools/bin/../lib/gcc/arm-none-eabi/14.3.1/../../../../arm-none-eabi/lib/thumb/v7e-m+fp/hard\libc_nano.a(libc_a-snprintf.o)
 .ARM.attributes
                0x000004ef       0x34 C:/ST/STM32CubeIDE_2.1.1/STM32CubeIDE/plugins/com.st.stm32cube.ide.mcu.externaltools.gnu-tools-for-stm32.14.3.rel1.win32_1.0.100.202602081740/tools/bin/../lib/gcc/arm-none-eabi/14.3.1/../../../../arm-none-eabi/lib/thumb/v7e-m+fp/hard\libc_nano.a(libc_a-memset.o)
 .ARM.attributes
                0x00000523       0x34 C:/ST/STM32CubeIDE_2.1.1/STM32CubeIDE/plugins/com.st.stm32cube.ide.mcu.externaltools.gnu-tools-for-stm32.14.3.rel1.win32_1.0.100.202602081740/tools/bin/../lib/gcc/arm-none-eabi/14.3.1/../../../../arm-none-eabi/lib/thumb/v7e-m+fp/hard\libc_nano.a(libc_a-reent.o)
 .ARM.attributes
                0x00000557       0x34 C:/ST/STM32CubeIDE_2.1.1/STM32CubeIDE/plugins/com.st.stm32cube.ide.mcu.externaltools.gnu-tools-for-stm32.14.3.rel1.win32_1.0.100.202602081740/tools/bin/../lib/gcc/arm-none-eabi/14.3.1/../../../../arm-none-eabi/lib/thumb/v7e-m+fp/hard\libc_nano.a(libc_a-impure.o)
 .ARM.attributes
                0x0000058b       0x34 C:/ST/STM32CubeIDE_2.1.1/STM32CubeIDE/plugins/com.st.stm32cube.ide.mcu.externaltools.gnu-tools-for-stm32.14.3.rel1.win32_1.0.100.202602081740/tools/bin/../lib/gcc/arm-none-eabi/14.3.1/../../../../arm-none-eabi/lib/thumb/v7e-m+fp/hard\libc_nano.a(libc_a-errno.o)
 .ARM.attributes
                0x000005bf       0x34 C:/ST/STM32CubeIDE_2.1.1/STM32CubeIDE/plugins/com.st.stm32cube.ide.mcu.externaltools.gnu-tools-for-stm32.14.3.rel1.win32_1.0.100.202602081740/tools/bin/../lib/gcc/arm-none-eabi/14.3.1/../../../../arm-none-eabi/lib/thumb/v7e-m+fp/hard\libc_nano.a(libc_a-init.o)
 .ARM.attributes
                0x000005f3       0x34 C:/ST/STM32CubeIDE_2.1.1/STM32CubeIDE/plugins/com.st.stm32cube.ide.mcu.externaltools.gnu-tools-for-stm32.14.3.rel1.win32_1.0.100.202602081740/tools/bin/../lib/gcc/arm-none-eabi/14.3.1/../../../../arm-none-eabi/lib/thumb/v7e-m+fp/hard\libc_nano.a(libc_a-lock.o)
 .ARM.attributes
                0x00000627       0x34 C:/ST/STM32CubeIDE_2.1.1/STM32CubeIDE/plugins/com.st.stm32cube.ide.mcu.externaltools.gnu-tools-for-stm32.14.3.rel1.win32_1.0.100.202602081740/tools/bin/../lib/gcc/arm-none-eabi/14.3.1/../../../../arm-none-eabi/lib/thumb/v7e-m+fp/hard\libc_nano.a(libc_a-memcpy-stub.o)
 .ARM.attributes
                0x0000065b       0x34 C:/ST/STM32CubeIDE_2.1.1/STM32CubeIDE/plugins/com.st.stm32cube.ide.mcu.externaltools.gnu-tools-for-stm32.14.3.rel1.win32_1.0.100.202602081740/tools/bin/../lib/gcc/arm-none-eabi/14.3.1/../../../../arm-none-eabi/lib/thumb/v7e-m+fp/hard\libc_nano.a(libc_a-freer.o)
 .ARM.attributes
                0x0000068f       0x34 C:/ST/STM32CubeIDE_2.1.1/STM32CubeIDE/plugins/com.st.stm32cube.ide.mcu.externaltools.gnu-tools-for-stm32.14.3.rel1.win32_1.0.100.202602081740/tools/bin/../lib/gcc/arm-none-eabi/14.3.1/../../../../arm-none-eabi/lib/thumb/v7e-m+fp/hard\libc_nano.a(libc_a-mallocr.o)
 .ARM.attributes
                0x000006c3       0x34 C:/ST/STM32CubeIDE_2.1.1/STM32CubeIDE/plugins/com.st.stm32cube.ide.mcu.externaltools.gnu-tools-for-stm32.14.3.rel1.win32_1.0.100.202602081740/tools/bin/../lib/gcc/arm-none-eabi/14.3.1/../../../../arm-none-eabi/lib/thumb/v7e-m+fp/hard\libc_nano.a(libc_a-mlock.o)
 .ARM.attributes
                0x000006f7       0x34 C:/ST/STM32CubeIDE_2.1.1/STM32CubeIDE/plugins/com.st.stm32cube.ide.mcu.externaltools.gnu-tools-for-stm32.14.3.rel1.win32_1.0.100.202602081740/tools/bin/../lib/gcc/arm-none-eabi/14.3.1/../../../../arm-none-eabi/lib/thumb/v7e-m+fp/hard\libc_nano.a(libc_a-nano-svfprintf.o)
 .ARM.attributes
                0x0000072b       0x34 C:/ST/STM32CubeIDE_2.1.1/STM32CubeIDE/plugins/com.st.stm32cube.ide.mcu.externaltools.gnu-tools-for-stm32.14.3.rel1.win32_1.0.100.202602081740/tools/bin/../lib/gcc/arm-none-eabi/14.3.1/../../../../arm-none-eabi/lib/thumb/v7e-m+fp/hard\libc_nano.a(libc_a-nano-vfprintf_i.o)
 .ARM.attributes
                0x0000075f       0x34 C:/ST/STM32CubeIDE_2.1.1/STM32CubeIDE/plugins/com.st.stm32cube.ide.mcu.externaltools.gnu-tools-for-stm32.14.3.rel1.win32_1.0.100.202602081740/tools/bin/../lib/gcc/arm-none-eabi/14.3.1/../../../../arm-none-eabi/lib/thumb/v7e-m+fp/hard\libc_nano.a(libc_a-memmove.o)
 .ARM.attributes
                0x00000793       0x34 C:/ST/STM32CubeIDE_2.1.1/STM32CubeIDE/plugins/com.st.stm32cube.ide.mcu.externaltools.gnu-tools-for-stm32.14.3.rel1.win32_1.0.100.202602081740/tools/bin/../lib/gcc/arm-none-eabi/14.3.1/../../../../arm-none-eabi/lib/thumb/v7e-m+fp/hard\libc_nano.a(libc_a-sbrkr.o)
 .ARM.attributes
                0x000007c7       0x1c C:/ST/STM32CubeIDE_2.1.1/STM32CubeIDE/plugins/com.st.stm32cube.ide.mcu.externaltools.gnu-tools-for-stm32.14.3.rel1.win32_1.0.100.202602081740/tools/bin/../lib/gcc/arm-none-eabi/14.3.1/../../../../arm-none-eabi/lib/thumb/v7e-m+fp/hard\libc_nano.a(libc_a-memchr.o)
 .ARM.attributes
                0x000007e3       0x34 C:/ST/STM32CubeIDE_2.1.1/STM32CubeIDE/plugins/com.st.stm32cube.ide.mcu.externaltools.gnu-tools-for-stm32.14.3.rel1.win32_1.0.100.202602081740/tools/bin/../lib/gcc/arm-none-eabi/14.3.1/../../../../arm-none-eabi/lib/thumb/v7e-m+fp/hard\libc_nano.a(libc_a-reallocr.o)
 .ARM.attributes
                0x00000817       0x34 C:/ST/STM32CubeIDE_2.1.1/STM32CubeIDE/plugins/com.st.stm32cube.ide.mcu.externaltools.gnu-tools-for-stm32.14.3.rel1.win32_1.0.100.202602081740/tools/bin/../lib/gcc/arm-none-eabi/14.3.1/../../../../arm-none-eabi/lib/thumb/v7e-m+fp/hard\libc_nano.a(libc_a-msizer.o)
 .ARM.attributes
                0x0000084b       0x34 C:/ST/STM32CubeIDE_2.1.1/STM32CubeIDE/plugins/com.st.stm32cube.ide.mcu.externaltools.gnu-tools-for-stm32.14.3.rel1.win32_1.0.100.202602081740/tools/bin/../lib/gcc/arm-none-eabi/14.3.1/../../../../arm-none-eabi/lib/thumb/v7e-m+fp/hard\libm.a(libm_a-sf_floor.o)
 .ARM.attributes
                0x0000087f       0x22 C:/ST/STM32CubeIDE_2.1.1/STM32CubeIDE/plugins/com.st.stm32cube.ide.mcu.externaltools.gnu-tools-for-stm32.14.3.rel1.win32_1.0.100.202602081740/tools/bin/../lib/gcc/arm-none-eabi/14.3.1/thumb/v7e-m+fp/hard/crtn.o
OUTPUT(Rev_Limiter.elf elf32-littlearm)
LOAD linker stubs
LOAD C:/ST/STM32CubeIDE_2.1.1/STM32CubeIDE/plugins/com.st.stm32cube.ide.mcu.externaltools.gnu-tools-for-stm32.14.3.rel1.win32_1.0.100.202602081740/tools/bin/../lib/gcc/arm-none-eabi/14.3.1/../../../../arm-none-eabi/lib/thumb/v7e-m+fp/hard\libc.a
LOAD C:/ST/STM32CubeIDE_2.1.1/STM32CubeIDE/plugins/com.st.stm32cube.ide.mcu.externaltools.gnu-tools-for-stm32.14.3.rel1.win32_1.0.100.202602081740/tools/bin/../lib/gcc/arm-none-eabi/14.3.1/../../../../arm-none-eabi/lib/thumb/v7e-m+fp/hard\libm.a
LOAD C:/ST/STM32CubeIDE_2.1.1/STM32CubeIDE/plugins/com.st.stm32cube.ide.mcu.externaltools.gnu-tools-for-stm32.14.3.rel1.win32_1.0.100.202602081740/tools/bin/../lib/gcc/arm-none-eabi/14.3.1/thumb/v7e-m+fp/hard\libgcc.a

.debug_info     0x00000000    0x15848
 .debug_info    0x00000000      0xfcb ./Core/Src/fuel_level_filter.o
 .debug_info    0x00000fcb     0x2725 ./Core/Src/main.o
 .debug_info    0x000036f0      0x6d0 ./Core/Src/st7565_8080.o
 .debug_info    0x00003dc0      0x81d ./Core/Src/st7565_gfx.o
 .debug_info    0x000045dd     0x1d33 ./Core/Src/stm32g4xx_hal_msp.o
 .debug_info    0x00006310      0x4b6 ./Core/Src/stm32g4xx_it.o
 .debug_info    0x000067c6      0x168 ./Core/Src/sysmem.o
 .debug_info    0x0000692e      0x58e ./Core/Src/system_stm32g4xx.o
 .debug_info    0x00006ebc       0x30 ./Core/Startup/startup_stm32g431cbtx.o
 .debug_info    0x00006eec      0xadb ./Drivers/STM32G4xx_HAL_Driver/Src/stm32g4xx_hal.o
 .debug_info    0x000079c7     0x2063 ./Drivers/STM32G4xx_HAL_Driver/Src/stm32g4xx_hal_adc.o
 .debug_info    0x00009a2a     0x1d80 ./Drivers/STM32G4xx_HAL_Driver/Src/stm32g4xx_hal_adc_ex.o
 .debug_info    0x0000b7aa      0xd3f ./Drivers/STM32G4xx_HAL_Driver/Src/stm32g4xx_hal_cortex.o
 .debug_info    0x0000c4e9      0x85f ./Drivers/STM32G4xx_HAL_Driver/Src/stm32g4xx_hal_dma.o
 .debug_info    0x0000cd48     0x189b ./Drivers/STM32G4xx_HAL_Driver/Src/stm32g4xx_hal_fdcan.o
 .debug_info    0x0000e5e3      0x772 ./Drivers/STM32G4xx_HAL_Driver/Src/stm32g4xx_hal_gpio.o
 .debug_info    0x0000ed55      0x944 ./Drivers/STM32G4xx_HAL_Driver/Src/stm32g4xx_hal_pwr_ex.o
 .debug_info    0x0000f699      0xb9b ./Drivers/STM32G4xx_HAL_Driver/Src/stm32g4xx_hal_rcc.o
 .debug_info    0x00010234      0xc2d ./Drivers/STM32G4xx_HAL_Driver/Src/stm32g4xx_hal_rcc_ex.o
 .debug_info    0x00010e61     0x2c52 ./Drivers/STM32G4xx_HAL_Driver/Src/stm32g4xx_hal_tim.o
 .debug_info    0x00013ab3     0x1d95 ./Drivers/STM32G4xx_HAL_Driver/Src/stm32g4xx_hal_tim_ex.o

.debug_abbrev   0x00000000     0x2d9c
 .debug_abbrev  0x00000000      0x2a3 ./Core/Src/fuel_level_filter.o
 .debug_abbrev  0x000002a3      0x35f ./Core/Src/main.o
 .debug_abbrev  0x00000602      0x216 ./Core/Src/st7565_8080.o
 .debug_abbrev  0x00000818      0x1a2 ./Core/Src/st7565_gfx.o
 .debug_abbrev  0x000009ba      0x2a9 ./Core/Src/stm32g4xx_hal_msp.o
 .debug_abbrev  0x00000c63      0x194 ./Core/Src/stm32g4xx_it.o
 .debug_abbrev  0x00000df7       0xbc ./Core/Src/sysmem.o
 .debug_abbrev  0x00000eb3      0x11a ./Core/Src/system_stm32g4xx.o
 .debug_abbrev  0x00000fcd       0x24 ./Core/Startup/startup_stm32g431cbtx.o
 .debug_abbrev  0x00000ff1      0x271 ./Drivers/STM32G4xx_HAL_Driver/Src/stm32g4xx_hal.o
 .debug_abbrev  0x00001262      0x2d3 ./Drivers/STM32G4xx_HAL_Driver/Src/stm32g4xx_hal_adc.o
 .debug_abbrev  0x00001535      0x2ee ./Drivers/STM32G4xx_HAL_Driver/Src/stm32g4xx_hal_adc_ex.o
 .debug_abbrev  0x00001823      0x31c ./Drivers/STM32G4xx_HAL_Driver/Src/stm32g4xx_hal_cortex.o
 .debug_abbrev  0x00001b3f      0x1e2 ./Drivers/STM32G4xx_HAL_Driver/Src/stm32g4xx_hal_dma.o
 .debug_abbrev  0x00001d21      0x1e7 ./Drivers/STM32G4xx_HAL_Driver/Src/stm32g4xx_hal_fdcan.o
 .debug_abbrev  0x00001f08      0x1d2 ./Drivers/STM32G4xx_HAL_Driver/Src/stm32g4xx_hal_gpio.o
 .debug_abbrev  0x000020da      0x22c ./Drivers/STM32G4xx_HAL_Driver/Src/stm32g4xx_hal_pwr_ex.o
 .debug_abbrev  0x00002306      0x2c9 ./Drivers/STM32G4xx_HAL_Driver/Src/stm32g4xx_hal_rcc.o
 .debug_abbrev  0x000025cf      0x261 ./Drivers/STM32G4xx_HAL_Driver/Src/stm32g4xx_hal_rcc_ex.o
 .debug_abbrev  0x00002830      0x2a7 ./Drivers/STM32G4xx_HAL_Driver/Src/stm32g4xx_hal_tim.o
 .debug_abbrev  0x00002ad7      0x2c5 ./Drivers/STM32G4xx_HAL_Driver/Src/stm32g4xx_hal_tim_ex.o

.debug_aranges  0x00000000     0x1530
 .debug_aranges
                0x00000000       0x48 ./Core/Src/fuel_level_filter.o
 .debug_aranges
                0x00000048       0x80 ./Core/Src/main.o
 .debug_aranges
                0x000000c8       0x88 ./Core/Src/st7565_8080.o
 .debug_aranges
                0x00000150       0x98 ./Core/Src/st7565_gfx.o
 .debug_aranges
                0x000001e8       0x60 ./Core/Src/stm32g4xx_hal_msp.o
 .debug_aranges
                0x00000248       0x68 ./Core/Src/stm32g4xx_it.o
 .debug_aranges
                0x000002b0       0x20 ./Core/Src/sysmem.o
 .debug_aranges
                0x000002d0       0x28 ./Core/Src/system_stm32g4xx.o
 .debug_aranges
                0x000002f8       0x28 ./Core/Startup/startup_stm32g431cbtx.o
 .debug_aranges
                0x00000320      0x148 ./Drivers/STM32G4xx_HAL_Driver/Src/stm32g4xx_hal.o
 .debug_aranges
                0x00000468      0x248 ./Drivers/STM32G4xx_HAL_Driver/Src/stm32g4xx_hal_adc.o
 .debug_aranges
                0x000006b0      0x1c0 ./Drivers/STM32G4xx_HAL_Driver/Src/stm32g4xx_hal_adc_ex.o
 .debug_aranges
                0x00000870      0x128 ./Drivers/STM32G4xx_HAL_Driver/Src/stm32g4xx_hal_cortex.o
 .debug_aranges
                0x00000998       0x90 ./Drivers/STM32G4xx_HAL_Driver/Src/stm32g4xx_hal_dma.o
 .debug_aranges
                0x00000a28      0x208 ./Drivers/STM32G4xx_HAL_Driver/Src/stm32g4xx_hal_fdcan.o
 .debug_aranges
                0x00000c30       0x58 ./Drivers/STM32G4xx_HAL_Driver/Src/stm32g4xx_hal_gpio.o
 .debug_aranges
                0x00000c88      0x140 ./Drivers/STM32G4xx_HAL_Driver/Src/stm32g4xx_hal_pwr_ex.o
 .debug_aranges
                0x00000dc8       0x98 ./Drivers/STM32G4xx_HAL_Driver/Src/stm32g4xx_hal_rcc.o
 .debug_aranges
                0x00000e60       0xb0 ./Drivers/STM32G4xx_HAL_Driver/Src/stm32g4xx_hal_rcc_ex.o
 .debug_aranges
                0x00000f10      0x3e0 ./Drivers/STM32G4xx_HAL_Driver/Src/stm32g4xx_hal_tim.o
 .debug_aranges
                0x000012f0      0x240 ./Drivers/STM32G4xx_HAL_Driver/Src/stm32g4xx_hal_tim_ex.o

.debug_rnglists
                0x00000000     0x104b
 .debug_rnglists
                0x00000000       0x35 ./Core/Src/fuel_level_filter.o
 .debug_rnglists
                0x00000035       0x62 ./Core/Src/main.o
 .debug_rnglists
                0x00000097       0x63 ./Core/Src/st7565_8080.o
 .debug_rnglists
                0x000000fa       0x74 ./Core/Src/st7565_gfx.o
 .debug_rnglists
                0x0000016e       0x46 ./Core/Src/stm32g4xx_hal_msp.o
 .debug_rnglists
                0x000001b4       0x49 ./Core/Src/stm32g4xx_it.o
 .debug_rnglists
                0x000001fd       0x13 ./Core/Src/sysmem.o
 .debug_rnglists
                0x00000210       0x1a ./Core/Src/system_stm32g4xx.o
 .debug_rnglists
                0x0000022a       0x19 ./Core/Startup/startup_stm32g431cbtx.o
 .debug_rnglists
                0x00000243       0xf1 ./Drivers/STM32G4xx_HAL_Driver/Src/stm32g4xx_hal.o
 .debug_rnglists
                0x00000334      0x1c0 ./Drivers/STM32G4xx_HAL_Driver/Src/stm32g4xx_hal_adc.o
 .debug_rnglists
                0x000004f4      0x15a ./Drivers/STM32G4xx_HAL_Driver/Src/stm32g4xx_hal_adc_ex.o
 .debug_rnglists
                0x0000064e       0xda ./Drivers/STM32G4xx_HAL_Driver/Src/stm32g4xx_hal_cortex.o
 .debug_rnglists
                0x00000728       0x72 ./Drivers/STM32G4xx_HAL_Driver/Src/stm32g4xx_hal_dma.o
 .debug_rnglists
                0x0000079a      0x18d ./Drivers/STM32G4xx_HAL_Driver/Src/stm32g4xx_hal_fdcan.o
 .debug_rnglists
                0x00000927       0x3f ./Drivers/STM32G4xx_HAL_Driver/Src/stm32g4xx_hal_gpio.o
 .debug_rnglists
                0x00000966       0xf1 ./Drivers/STM32G4xx_HAL_Driver/Src/stm32g4xx_hal_pwr_ex.o
 .debug_rnglists
                0x00000a57       0x74 ./Drivers/STM32G4xx_HAL_Driver/Src/stm32g4xx_hal_rcc.o
 .debug_rnglists
                0x00000acb       0x87 ./Drivers/STM32G4xx_HAL_Driver/Src/stm32g4xx_hal_rcc_ex.o
 .debug_rnglists
                0x00000b52      0x32d ./Drivers/STM32G4xx_HAL_Driver/Src/stm32g4xx_hal_tim.o
 .debug_rnglists
                0x00000e7f      0x1cc ./Drivers/STM32G4xx_HAL_Driver/Src/stm32g4xx_hal_tim_ex.o

.debug_macro    0x00000000    0x2288a
 .debug_macro   0x00000000      0x37e ./Core/Src/fuel_level_filter.o
 .debug_macro   0x0000037e      0x167 ./Core/Src/fuel_level_filter.o
 .debug_macro   0x000004e5       0x2e ./Core/Src/fuel_level_filter.o
 .debug_macro   0x00000513       0x28 ./Core/Src/fuel_level_filter.o
 .debug_macro   0x0000053b       0x22 ./Core/Src/fuel_level_filter.o
 .debug_macro   0x0000055d       0x8e ./Core/Src/fuel_level_filter.o
 .debug_macro   0x000005eb       0x51 ./Core/Src/fuel_level_filter.o
 .debug_macro   0x0000063c      0x103 ./Core/Src/fuel_level_filter.o
 .debug_macro   0x0000073f       0x6a ./Core/Src/fuel_level_filter.o
 .debug_macro   0x000007a9      0x1df ./Core/Src/fuel_level_filter.o
 .debug_macro   0x00000988       0x1c ./Core/Src/fuel_level_filter.o
 .debug_macro   0x000009a4       0x22 ./Core/Src/fuel_level_filter.o
 .debug_macro   0x000009c6       0xfb ./Core/Src/fuel_level_filter.o
 .debug_macro   0x00000ac1     0x1011 ./Core/Src/fuel_level_filter.o
 .debug_macro   0x00001ad2      0x11f ./Core/Src/fuel_level_filter.o
 .debug_macro   0x00001bf1    0x1138f ./Core/Src/fuel_level_filter.o
 .debug_macro   0x00012f80       0x6d ./Core/Src/fuel_level_filter.o
 .debug_macro   0x00012fed     0x3558 ./Core/Src/fuel_level_filter.o
 .debug_macro   0x00016545      0x190 ./Core/Src/fuel_level_filter.o
 .debug_macro   0x000166d5       0x5c ./Core/Src/fuel_level_filter.o
 .debug_macro   0x00016731     0x141d ./Core/Src/fuel_level_filter.o
 .debug_macro   0x00017b4e      0x535 ./Core/Src/fuel_level_filter.o
 .debug_macro   0x00018083      0x1b6 ./Core/Src/fuel_level_filter.o
 .debug_macro   0x00018239      0x288 ./Core/Src/fuel_level_filter.o
 .debug_macro   0x000184c1      0x41d ./Core/Src/fuel_level_filter.o
 .debug_macro   0x000188de      0x18b ./Core/Src/fuel_level_filter.o
 .debug_macro   0x00018a69       0x43 ./Core/Src/fuel_level_filter.o
 .debug_macro   0x00018aac      0x23d ./Core/Src/fuel_level_filter.o
 .debug_macro   0x00018ce9     0x1111 ./Core/Src/fuel_level_filter.o
 .debug_macro   0x00019dfa      0x72e ./Core/Src/fuel_level_filter.o
 .debug_macro   0x0001a528      0x391 ./Core/Src/fuel_level_filter.o
 .debug_macro   0x0001a8b9      0x211 ./Core/Src/fuel_level_filter.o
 .debug_macro   0x0001aaca      0x6bd ./Core/Src/fuel_level_filter.o
 .debug_macro   0x0001b187      0x401 ./Core/Src/fuel_level_filter.o
 .debug_macro   0x0001b588      0x107 ./Core/Src/fuel_level_filter.o
 .debug_macro   0x0001b68f       0x73 ./Core/Src/fuel_level_filter.o
 .debug_macro   0x0001b702      0x234 ./Core/Src/fuel_level_filter.o
 .debug_macro   0x0001b936      0x122 ./Core/Src/fuel_level_filter.o
 .debug_macro   0x0001ba58      0x3d1 ./Core/Src/fuel_level_filter.o
 .debug_macro   0x0001be29      0xbda ./Core/Src/fuel_level_filter.o
 .debug_macro   0x0001ca03      0x47e ./Core/Src/fuel_level_filter.o
 .debug_macro   0x0001ce81      0x306 ./Core/Src/fuel_level_filter.o
 .debug_macro   0x0001d187      0x2b6 ./Core/Src/fuel_level_filter.o
 .debug_macro   0x0001d43d      0x188 ./Core/Src/fuel_level_filter.o
 .debug_macro   0x0001d5c5      0x1a6 ./Core/Src/fuel_level_filter.o
 .debug_macro   0x0001d76b      0x5f7 ./Core/Src/fuel_level_filter.o
 .debug_macro   0x0001dd62      0x28c ./Core/Src/fuel_level_filter.o
 .debug_macro   0x0001dfee       0xa0 ./Core/Src/fuel_level_filter.o
 .debug_macro   0x0001e08e      0x231 ./Core/Src/fuel_level_filter.o
 .debug_macro   0x0001e2bf      0x169 ./Core/Src/fuel_level_filter.o
 .debug_macro   0x0001e428      0x63e ./Core/Src/fuel_level_filter.o
 .debug_macro   0x0001ea66      0x24e ./Core/Src/fuel_level_filter.o
 .debug_macro   0x0001ecb4      0x155 ./Core/Src/fuel_level_filter.o
 .debug_macro   0x0001ee09       0xc4 ./Core/Src/fuel_level_filter.o
 .debug_macro   0x0001eecd       0x16 ./Core/Src/fuel_level_filter.o
 .debug_macro   0x0001eee3       0x61 ./Core/Src/fuel_level_filter.o
 .debug_macro   0x0001ef44       0x2a ./Core/Src/fuel_level_filter.o
 .debug_macro   0x0001ef6e       0x43 ./Core/Src/fuel_level_filter.o
 .debug_macro   0x0001efb1       0x34 ./Core/Src/fuel_level_filter.o
 .debug_macro   0x0001efe5      0x364 ./Core/Src/fuel_level_filter.o
 .debug_macro   0x0001f349       0x16 ./Core/Src/fuel_level_filter.o
 .debug_macro   0x0001f35f       0x4a ./Core/Src/fuel_level_filter.o
 .debug_macro   0x0001f3a9       0x34 ./Core/Src/fuel_level_filter.o
 .debug_macro   0x0001f3dd       0x10 ./Core/Src/fuel_level_filter.o
 .debug_macro   0x0001f3ed       0x58 ./Core/Src/fuel_level_filter.o
 .debug_macro   0x0001f445       0x8e ./Core/Src/fuel_level_filter.o
 .debug_macro   0x0001f4d3       0x1c ./Core/Src/fuel_level_filter.o
 .debug_macro   0x0001f4ef      0x17e ./Core/Src/fuel_level_filter.o
 .debug_macro   0x0001f66d       0x10 ./Core/Src/fuel_level_filter.o
 .debug_macro   0x0001f67d       0x3c ./Core/Src/fuel_level_filter.o
 .debug_macro   0x0001f6b9       0x20 ./Core/Src/fuel_level_filter.o
 .debug_macro   0x0001f6d9      0x353 ./Core/Src/main.o
 .debug_macro   0x0001fa2c      0x19b ./Core/Src/main.o
 .debug_macro   0x0001fbc7       0x3a ./Core/Src/main.o
 .debug_macro   0x0001fc01       0x16 ./Core/Src/main.o
 .debug_macro   0x0001fc17      0x28d ./Core/Src/st7565_8080.o
 .debug_macro   0x0001fea4      0x30b ./Core/Src/st7565_gfx.o
 .debug_macro   0x000201af       0x10 ./Core/Src/st7565_gfx.o
 .debug_macro   0x000201bf       0x16 ./Core/Src/st7565_gfx.o
 .debug_macro   0x000201d5       0x10 ./Core/Src/st7565_gfx.o
 .debug_macro   0x000201e5       0x16 ./Core/Src/st7565_gfx.o
 .debug_macro   0x000201fb       0x16 ./Core/Src/st7565_gfx.o
 .debug_macro   0x00020211      0x146 ./Core/Src/st7565_gfx.o
 .debug_macro   0x00020357      0x283 ./Core/Src/stm32g4xx_hal_msp.o
 .debug_macro   0x000205da      0x29f ./Core/Src/stm32g4xx_it.o
 .debug_macro   0x00020879      0x112 ./Core/Src/sysmem.o
 .debug_macro   0x0002098b      0x23c ./Core/Src/sysmem.o
 .debug_macro   0x00020bc7      0x20b ./Core/Src/system_stm32g4xx.o
 .debug_macro   0x00020dd2      0x259 ./Drivers/STM32G4xx_HAL_Driver/Src/stm32g4xx_hal.o
 .debug_macro   0x0002102b      0x228 ./Drivers/STM32G4xx_HAL_Driver/Src/stm32g4xx_hal_adc.o
 .debug_macro   0x00021253      0x217 ./Drivers/STM32G4xx_HAL_Driver/Src/stm32g4xx_hal_adc_ex.o
 .debug_macro   0x0002146a      0x20b ./Drivers/STM32G4xx_HAL_Driver/Src/stm32g4xx_hal_cortex.o
 .debug_macro   0x00021675      0x20b ./Drivers/STM32G4xx_HAL_Driver/Src/stm32g4xx_hal_dma.o
 .debug_macro   0x00021880      0x31d ./Drivers/STM32G4xx_HAL_Driver/Src/stm32g4xx_hal_fdcan.o
 .debug_macro   0x00021b9d      0x212 ./Drivers/STM32G4xx_HAL_Driver/Src/stm32g4xx_hal_gpio.o
 .debug_macro   0x00021daf      0x235 ./Drivers/STM32G4xx_HAL_Driver/Src/stm32g4xx_hal_pwr_ex.o
 .debug_macro   0x00021fe4      0x24d ./Drivers/STM32G4xx_HAL_Driver/Src/stm32g4xx_hal_rcc.o
 .debug_macro   0x00022231      0x235 ./Drivers/STM32G4xx_HAL_Driver/Src/stm32g4xx_hal_rcc_ex.o
 .debug_macro   0x00022466      0x213 ./Drivers/STM32G4xx_HAL_Driver/Src/stm32g4xx_hal_tim.o
 .debug_macro   0x00022679      0x211 ./Drivers/STM32G4xx_HAL_Driver/Src/stm32g4xx_hal_tim_ex.o

.debug_line     0x00000000    0x16ca4
 .debug_line    0x00000000      0xbff ./Core/Src/fuel_level_filter.o
 .debug_line    0x00000bff      0xe00 ./Core/Src/main.o
 .debug_line    0x000019ff      0xa21 ./Core/Src/st7565_8080.o
 .debug_line    0x00002420      0xd1d ./Core/Src/st7565_gfx.o
 .debug_line    0x0000313d      0xab3 ./Core/Src/stm32g4xx_hal_msp.o
 .debug_line    0x00003bf0      0x9a0 ./Core/Src/stm32g4xx_it.o
 .debug_line    0x00004590      0x58d ./Core/Src/sysmem.o
 .debug_line    0x00004b1d      0x846 ./Core/Src/system_stm32g4xx.o
 .debug_line    0x00005363       0x7b ./Core/Startup/startup_stm32g431cbtx.o
 .debug_line    0x000053de      0xc15 ./Drivers/STM32G4xx_HAL_Driver/Src/stm32g4xx_hal.o
 .debug_line    0x00005ff3     0x2024 ./Drivers/STM32G4xx_HAL_Driver/Src/stm32g4xx_hal_adc.o
 .debug_line    0x00008017     0x1a57 ./Drivers/STM32G4xx_HAL_Driver/Src/stm32g4xx_hal_adc_ex.o
 .debug_line    0x00009a6e      0xd77 ./Drivers/STM32G4xx_HAL_Driver/Src/stm32g4xx_hal_cortex.o
 .debug_line    0x0000a7e5      0xf27 ./Drivers/STM32G4xx_HAL_Driver/Src/stm32g4xx_hal_dma.o
 .debug_line    0x0000b70c     0x196c ./Drivers/STM32G4xx_HAL_Driver/Src/stm32g4xx_hal_fdcan.o
 .debug_line    0x0000d078      0xbfe ./Drivers/STM32G4xx_HAL_Driver/Src/stm32g4xx_hal_gpio.o
 .debug_line    0x0000dc76      0xd71 ./Drivers/STM32G4xx_HAL_Driver/Src/stm32g4xx_hal_pwr_ex.o
 .debug_line    0x0000e9e7     0x1095 ./Drivers/STM32G4xx_HAL_Driver/Src/stm32g4xx_hal_rcc.o
 .debug_line    0x0000fa7c     0x11c2 ./Drivers/STM32G4xx_HAL_Driver/Src/stm32g4xx_hal_rcc_ex.o
 .debug_line    0x00010c3e     0x400d ./Drivers/STM32G4xx_HAL_Driver/Src/stm32g4xx_hal_tim.o
 .debug_line    0x00014c4b     0x2059 ./Drivers/STM32G4xx_HAL_Driver/Src/stm32g4xx_hal_tim_ex.o

.debug_str      0x00000000    0xeadb3
 .debug_str     0x00000000    0xeadb3 ./Core/Src/fuel_level_filter.o
                              0xe367a (size before relaxing)
 .debug_str     0x000eadb3    0xe4f4a ./Core/Src/main.o
 .debug_str     0x000eadb3    0xd303d ./Core/Src/st7565_8080.o
 .debug_str     0x000eadb3    0xd64d8 ./Core/Src/st7565_gfx.o
 .debug_str     0x000eadb3    0xe0c30 ./Core/Src/stm32g4xx_hal_msp.o
 .debug_str     0x000eadb3    0xdfd4e ./Core/Src/stm32g4xx_it.o
 .debug_str     0x000eadb3     0x7708 ./Core/Src/sysmem.o
 .debug_str     0x000eadb3    0xd2c46 ./Core/Src/system_stm32g4xx.o
 .debug_str     0x000eadb3       0x6b ./Core/Startup/startup_stm32g431cbtx.o
 .debug_str     0x000eadb3    0xd3785 ./Drivers/STM32G4xx_HAL_Driver/Src/stm32g4xx_hal.o
 .debug_str     0x000eadb3    0xd3c73 ./Drivers/STM32G4xx_HAL_Driver/Src/stm32g4xx_hal_adc.o
 .debug_str     0x000eadb3    0xd3c19 ./Drivers/STM32G4xx_HAL_Driver/Src/stm32g4xx_hal_adc_ex.o
 .debug_str     0x000eadb3    0xd3441 ./Drivers/STM32G4xx_HAL_Driver/Src/stm32g4xx_hal_cortex.o
 .debug_str     0x000eadb3    0xd3020 ./Drivers/STM32G4xx_HAL_Driver/Src/stm32g4xx_hal_dma.o
 .debug_str     0x000eadb3    0xd41ed ./Drivers/STM32G4xx_HAL_Driver/Src/stm32g4xx_hal_fdcan.o
 .debug_str     0x000eadb3    0xd2dd1 ./Drivers/STM32G4xx_HAL_Driver/Src/stm32g4xx_hal_gpio.o
 .debug_str     0x000eadb3    0xd3134 ./Drivers/STM32G4xx_HAL_Driver/Src/stm32g4xx_hal_pwr_ex.o
 .debug_str     0x000eadb3    0xd333f ./Drivers/STM32G4xx_HAL_Driver/Src/stm32g4xx_hal_rcc.o
 .debug_str     0x000eadb3    0xd3340 ./Drivers/STM32G4xx_HAL_Driver/Src/stm32g4xx_hal_rcc_ex.o
 .debug_str     0x000eadb3    0xd4144 ./Drivers/STM32G4xx_HAL_Driver/Src/stm32g4xx_hal_tim.o
 .debug_str     0x000eadb3    0xd3db8 ./Drivers/STM32G4xx_HAL_Driver/Src/stm32g4xx_hal_tim_ex.o

.comment        0x00000000       0x43
 .comment       0x00000000       0x43 ./Core/Src/fuel_level_filter.o
                                 0x44 (size before relaxing)
 .comment       0x00000043       0x44 ./Core/Src/main.o
 .comment       0x00000043       0x44 ./Core/Src/st7565_8080.o
 .comment       0x00000043       0x44 ./Core/Src/st7565_gfx.o
 .comment       0x00000043       0x44 ./Core/Src/stm32g4xx_hal_msp.o
 .comment       0x00000043       0x44 ./Core/Src/stm32g4xx_it.o
 .comment       0x00000043       0x44 ./Core/Src/sysmem.o
 .comment       0x00000043       0x44 ./Core/Src/system_stm32g4xx.o
 .comment       0x00000043       0x44 ./Drivers/STM32G4xx_HAL_Driver/Src/stm32g4xx_hal.o
 .comment       0x00000043       0x44 ./Drivers/STM32G4xx_HAL_Driver/Src/stm32g4xx_hal_adc.o
 .comment       0x00000043       0x44 ./Drivers/STM32G4xx_HAL_Driver/Src/stm32g4xx_hal_adc_ex.o
 .comment       0x00000043       0x44 ./Drivers/STM32G4xx_HAL_Driver/Src/stm32g4xx_hal_cortex.o
 .comment       0x00000043       0x44 ./Drivers/STM32G4xx_HAL_Driver/Src/stm32g4xx_hal_dma.o
 .comment       0x00000043       0x44 ./Drivers/STM32G4xx_HAL_Driver/Src/stm32g4xx_hal_fdcan.o
 .comment       0x00000043       0x44 ./Drivers/STM32G4xx_HAL_Driver/Src/stm32g4xx_hal_gpio.o
 .comment       0x00000043       0x44 ./Drivers/STM32G4xx_HAL_Driver/Src/stm32g4xx_hal_pwr_ex.o
 .comment       0x00000043       0x44 ./Drivers/STM32G4xx_HAL_Driver/Src/stm32g4xx_hal_rcc.o
 .comment       0x00000043       0x44 ./Drivers/STM32G4xx_HAL_Driver/Src/stm32g4xx_hal_rcc_ex.o
 .comment       0x00000043       0x44 ./Drivers/STM32G4xx_HAL_Driver/Src/stm32g4xx_hal_tim.o
 .comment       0x00000043       0x44 ./Drivers/STM32G4xx_HAL_Driver/Src/stm32g4xx_hal_tim_ex.o

.debug_frame    0x00000000     0x5ae4
 .debug_frame   0x00000000       0xe0 ./Core/Src/fuel_level_filter.o
 .debug_frame   0x000000e0      0x1c4 ./Core/Src/main.o
 .debug_frame   0x000002a4      0x200 ./Core/Src/st7565_8080.o
 .debug_frame   0x000004a4      0x264 ./Core/Src/st7565_gfx.o
 .debug_frame   0x00000708      0x154 ./Core/Src/stm32g4xx_hal_msp.o
 .debug_frame   0x0000085c      0x114 ./Core/Src/stm32g4xx_it.o
 .debug_frame   0x00000970       0x34 ./Core/Src/sysmem.o
 .debug_frame   0x000009a4       0x50 ./Core/Src/system_stm32g4xx.o
 .debug_frame   0x000009f4      0x480 ./Drivers/STM32G4xx_HAL_Driver/Src/stm32g4xx_hal.o
 .debug_frame   0x00000e74      0xa00 ./Drivers/STM32G4xx_HAL_Driver/Src/stm32g4xx_hal_adc.o
 .debug_frame   0x00001874      0x798 ./Drivers/STM32G4xx_HAL_Driver/Src/stm32g4xx_hal_adc_ex.o
 .debug_frame   0x0000200c      0x49c ./Drivers/STM32G4xx_HAL_Driver/Src/stm32g4xx_hal_cortex.o
 .debug_frame   0x000024a8      0x22c ./Drivers/STM32G4xx_HAL_Driver/Src/stm32g4xx_hal_dma.o
 .debug_frame   0x000026d4      0x8d0 ./Drivers/STM32G4xx_HAL_Driver/Src/stm32g4xx_hal_fdcan.o
 .debug_frame   0x00002fa4      0x130 ./Drivers/STM32G4xx_HAL_Driver/Src/stm32g4xx_hal_gpio.o
 .debug_frame   0x000030d4      0x46c ./Drivers/STM32G4xx_HAL_Driver/Src/stm32g4xx_hal_pwr_ex.o
 .debug_frame   0x00003540      0x218 ./Drivers/STM32G4xx_HAL_Driver/Src/stm32g4xx_hal_rcc.o
 .debug_frame   0x00003758      0x27c ./Drivers/STM32G4xx_HAL_Driver/Src/stm32g4xx_hal_rcc_ex.o
 .debug_frame   0x000039d4     0x1144 ./Drivers/STM32G4xx_HAL_Driver/Src/stm32g4xx_hal_tim.o
 .debug_frame   0x00004b18      0x9cc ./Drivers/STM32G4xx_HAL_Driver/Src/stm32g4xx_hal_tim_ex.o
 .debug_frame   0x000054e4      0x144 C:/ST/STM32CubeIDE_2.1.1/STM32CubeIDE/plugins/com.st.stm32cube.ide.mcu.externaltools.gnu-tools-for-stm32.14.3.rel1.win32_1.0.100.202602081740/tools/bin/../lib/gcc/arm-none-eabi/14.3.1/../../../../arm-none-eabi/lib/thumb/v7e-m+fp/hard\libc_nano.a(libc_a-findfp.o)
 .debug_frame   0x00005628       0x7c C:/ST/STM32CubeIDE_2.1.1/STM32CubeIDE/plugins/com.st.stm32cube.ide.mcu.externaltools.gnu-tools-for-stm32.14.3.rel1.win32_1.0.100.202602081740/tools/bin/../lib/gcc/arm-none-eabi/14.3.1/../../../../arm-none-eabi/lib/thumb/v7e-m+fp/hard\libc_nano.a(libc_a-snprintf.o)
 .debug_frame   0x000056a4       0x20 C:/ST/STM32CubeIDE_2.1.1/STM32CubeIDE/plugins/com.st.stm32cube.ide.mcu.externaltools.gnu-tools-for-stm32.14.3.rel1.win32_1.0.100.202602081740/tools/bin/../lib/gcc/arm-none-eabi/14.3.1/../../../../arm-none-eabi/lib/thumb/v7e-m+fp/hard\libc_nano.a(libc_a-memset.o)
 .debug_frame   0x000056c4       0x38 C:/ST/STM32CubeIDE_2.1.1/STM32CubeIDE/plugins/com.st.stm32cube.ide.mcu.externaltools.gnu-tools-for-stm32.14.3.rel1.win32_1.0.100.202602081740/tools/bin/../lib/gcc/arm-none-eabi/14.3.1/../../../../arm-none-eabi/lib/thumb/v7e-m+fp/hard\libc_nano.a(libc_a-reent.o)
 .debug_frame   0x000056fc       0x20 C:/ST/STM32CubeIDE_2.1.1/STM32CubeIDE/plugins/com.st.stm32cube.ide.mcu.externaltools.gnu-tools-for-stm32.14.3.rel1.win32_1.0.100.202602081740/tools/bin/../lib/gcc/arm-none-eabi/14.3.1/../../../../arm-none-eabi/lib/thumb/v7e-m+fp/hard\libc_nano.a(libc_a-errno.o)
 .debug_frame   0x0000571c       0x2c C:/ST/STM32CubeIDE_2.1.1/STM32CubeIDE/plugins/com.st.stm32cube.ide.mcu.externaltools.gnu-tools-for-stm32.14.3.rel1.win32_1.0.100.202602081740/tools/bin/../lib/gcc/arm-none-eabi/14.3.1/../../../../arm-none-eabi/lib/thumb/v7e-m+fp/hard\libc_nano.a(libc_a-init.o)
 .debug_frame   0x00005748       0xb0 C:/ST/STM32CubeIDE_2.1.1/STM32CubeIDE/plugins/com.st.stm32cube.ide.mcu.externaltools.gnu-tools-for-stm32.14.3.rel1.win32_1.0.100.202602081740/tools/bin/../lib/gcc/arm-none-eabi/14.3.1/../../../../arm-none-eabi/lib/thumb/v7e-m+fp/hard\libc_nano.a(libc_a-lock.o)
 .debug_frame   0x000057f8       0x28 C:/ST/STM32CubeIDE_2.1.1/STM32CubeIDE/plugins/com.st.stm32cube.ide.mcu.externaltools.gnu-tools-for-stm32.14.3.rel1.win32_1.0.100.202602081740/tools/bin/../lib/gcc/arm-none-eabi/14.3.1/../../../../arm-none-eabi/lib/thumb/v7e-m+fp/hard\libc_nano.a(libc_a-memcpy-stub.o)
 .debug_frame   0x00005820       0x38 C:/ST/STM32CubeIDE_2.1.1/STM32CubeIDE/plugins/com.st.stm32cube.ide.mcu.externaltools.gnu-tools-for-stm32.14.3.rel1.win32_1.0.100.202602081740/tools/bin/../lib/gcc/arm-none-eabi/14.3.1/../../../../arm-none-eabi/lib/thumb/v7e-m+fp/hard\libc_nano.a(libc_a-freer.o)
 .debug_frame   0x00005858       0x50 C:/ST/STM32CubeIDE_2.1.1/STM32CubeIDE/plugins/com.st.stm32cube.ide.mcu.externaltools.gnu-tools-for-stm32.14.3.rel1.win32_1.0.100.202602081740/tools/bin/../lib/gcc/arm-none-eabi/14.3.1/../../../../arm-none-eabi/lib/thumb/v7e-m+fp/hard\libc_nano.a(libc_a-mallocr.o)
 .debug_frame   0x000058a8       0x30 C:/ST/STM32CubeIDE_2.1.1/STM32CubeIDE/plugins/com.st.stm32cube.ide.mcu.externaltools.gnu-tools-for-stm32.14.3.rel1.win32_1.0.100.202602081740/tools/bin/../lib/gcc/arm-none-eabi/14.3.1/../../../../arm-none-eabi/lib/thumb/v7e-m+fp/hard\libc_nano.a(libc_a-mlock.o)
 .debug_frame   0x000058d8       0x90 C:/ST/STM32CubeIDE_2.1.1/STM32CubeIDE/plugins/com.st.stm32cube.ide.mcu.externaltools.gnu-tools-for-stm32.14.3.rel1.win32_1.0.100.202602081740/tools/bin/../lib/gcc/arm-none-eabi/14.3.1/../../../../arm-none-eabi/lib/thumb/v7e-m+fp/hard\libc_nano.a(libc_a-nano-svfprintf.o)
 .debug_frame   0x00005968       0x60 C:/ST/STM32CubeIDE_2.1.1/STM32CubeIDE/plugins/com.st.stm32cube.ide.mcu.externaltools.gnu-tools-for-stm32.14.3.rel1.win32_1.0.100.202602081740/tools/bin/../lib/gcc/arm-none-eabi/14.3.1/../../../../arm-none-eabi/lib/thumb/v7e-m+fp/hard\libc_nano.a(libc_a-nano-vfprintf_i.o)
 .debug_frame   0x000059c8       0x28 C:/ST/STM32CubeIDE_2.1.1/STM32CubeIDE/plugins/com.st.stm32cube.ide.mcu.externaltools.gnu-tools-for-stm32.14.3.rel1.win32_1.0.100.202602081740/tools/bin/../lib/gcc/arm-none-eabi/14.3.1/../../../../arm-none-eabi/lib/thumb/v7e-m+fp/hard\libc_nano.a(libc_a-memmove.o)
 .debug_frame   0x000059f0       0x2c C:/ST/STM32CubeIDE_2.1.1/STM32CubeIDE/plugins/com.st.stm32cube.ide.mcu.externaltools.gnu-tools-for-stm32.14.3.rel1.win32_1.0.100.202602081740/tools/bin/../lib/gcc/arm-none-eabi/14.3.1/../../../../arm-none-eabi/lib/thumb/v7e-m+fp/hard\libc_nano.a(libc_a-sbrkr.o)
 .debug_frame   0x00005a1c       0x4c C:/ST/STM32CubeIDE_2.1.1/STM32CubeIDE/plugins/com.st.stm32cube.ide.mcu.externaltools.gnu-tools-for-stm32.14.3.rel1.win32_1.0.100.202602081740/tools/bin/../lib/gcc/arm-none-eabi/14.3.1/../../../../arm-none-eabi/lib/thumb/v7e-m+fp/hard\libc_nano.a(libc_a-memchr.o)
 .debug_frame   0x00005a68       0x3c C:/ST/STM32CubeIDE_2.1.1/STM32CubeIDE/plugins/com.st.stm32cube.ide.mcu.externaltools.gnu-tools-for-stm32.14.3.rel1.win32_1.0.100.202602081740/tools/bin/../lib/gcc/arm-none-eabi/14.3.1/../../../../arm-none-eabi/lib/thumb/v7e-m+fp/hard\libc_nano.a(libc_a-reallocr.o)
 .debug_frame   0x00005aa4       0x20 C:/ST/STM32CubeIDE_2.1.1/STM32CubeIDE/plugins/com.st.stm32cube.ide.mcu.externaltools.gnu-tools-for-stm32.14.3.rel1.win32_1.0.100.202602081740/tools/bin/../lib/gcc/arm-none-eabi/14.3.1/../../../../arm-none-eabi/lib/thumb/v7e-m+fp/hard\libc_nano.a(libc_a-msizer.o)
 .debug_frame   0x00005ac4       0x20 C:/ST/STM32CubeIDE_2.1.1/STM32CubeIDE/plugins/com.st.stm32cube.ide.mcu.externaltools.gnu-tools-for-stm32.14.3.rel1.win32_1.0.100.202602081740/tools/bin/../lib/gcc/arm-none-eabi/14.3.1/../../../../arm-none-eabi/lib/thumb/v7e-m+fp/hard\libm.a(libm_a-sf_floor.o)

.debug_line_str
                0x00000000       0x4f
 .debug_line_str
                0x00000000       0x4f ./Core/Startup/startup_stm32g431cbtx.o
