../Core/Src/battery_level_filter.c:59:13:insertion_sort	24	static
../Core/Src/battery_level_filter.c:69:17:compute_median	16	static
../Core/Src/battery_level_filter.c:80:14:raw_to_battery_percent	24	static
../Core/Src/battery_level_filter.c:90:6:BatterySensor_Init	8	static
../Core/Src/battery_level_filter.c:99:6:BatterySensor_PollRawSample	4	static
../Core/Src/battery_level_filter.c:106:9:BatterySensor_IsReady	4	static
../Core/Src/battery_level_filter.c:111:7:BatterySensor_Update	32	static
../Core/Src/battery_level_filter.c:131:10:BatterySensor_GetMedianRaw	4	static
