../Core/Src/battery_level_filter.c:25:13:insertion_sort	24	static
../Core/Src/battery_level_filter.c:35:17:compute_median	16	static
../Core/Src/battery_level_filter.c:46:14:raw_to_battery_percent	24	static
../Core/Src/battery_level_filter.c:56:6:BatterySensor_Init	8	static
../Core/Src/battery_level_filter.c:65:6:BatterySensor_PollRawSample	4	static
../Core/Src/battery_level_filter.c:72:9:BatterySensor_IsReady	4	static
../Core/Src/battery_level_filter.c:77:7:BatterySensor_Update	32	static
../Core/Src/battery_level_filter.c:97:10:BatterySensor_GetMedianRaw	4	static
