../Drivers/STM32G4xx_HAL_Driver/Inc/stm32g4xx_ll_bus.h:451:22:LL_AHB2_GRP1_EnableClock	1
../Drivers/STM32G4xx_HAL_Driver/Inc/stm32g4xx_ll_bus.h:935:22:LL_APB1_GRP2_EnableClock	1
../Core/Src/main.c:85:5:main	3
../Core/Src/main.c:176:6:SystemClock_Config	3
../Core/Src/main.c:224:13:MX_ADC1_Init	4
../Core/Src/main.c:292:13:MX_ADC2_Init	3
../Core/Src/main.c:351:13:MX_FDCAN1_Init	2
../Core/Src/main.c:394:13:MX_TIM3_Init	4
../Core/Src/main.c:439:13:MX_UCPD1_Init	1
../Core/Src/main.c:480:13:MX_USB_PCD_Init	2
../Core/Src/main.c:511:13:MX_DMA_Init	1
../Core/Src/main.c:530:13:MX_GPIO_Init	1
../Core/Src/main.c:603:6:Error_Handler	1
