../Drivers/STM32G4xx_HAL_Driver/Inc/stm32g4xx_ll_bus.h:451:22:LL_AHB2_GRP1_EnableClock	24	static
../Drivers/STM32G4xx_HAL_Driver/Inc/stm32g4xx_ll_bus.h:935:22:LL_APB1_GRP2_EnableClock	24	static
../Core/Src/main.c:86:5:main	40	static
../Core/Src/main.c:193:6:SystemClock_Config	88	static
../Core/Src/main.c:241:13:MX_ADC1_Init	56	static
../Core/Src/main.c:309:13:MX_ADC2_Init	40	static
../Core/Src/main.c:368:13:MX_FDCAN1_Init	8	static
../Core/Src/main.c:411:13:MX_TIM3_Init	40	static
../Core/Src/main.c:456:13:MX_UCPD1_Init	32	static
../Core/Src/main.c:497:13:MX_USB_PCD_Init	8	static
../Core/Src/main.c:528:13:MX_DMA_Init	16	static
../Core/Src/main.c:547:13:MX_GPIO_Init	48	static
../Core/Src/main.c:620:6:Error_Handler	4	static,ignoring_inline_asm
