../Drivers/STM32G4xx_HAL_Driver/Inc/stm32g4xx_ll_bus.h:451:22:LL_AHB2_GRP1_EnableClock	24	static
../Drivers/STM32G4xx_HAL_Driver/Inc/stm32g4xx_ll_bus.h:935:22:LL_APB1_GRP2_EnableClock	24	static
../Core/Src/main.c:91:5:main	48	static
../Core/Src/main.c:212:6:SystemClock_Config	88	static
../Core/Src/main.c:260:13:MX_ADC1_Init	56	static
../Core/Src/main.c:328:13:MX_ADC2_Init	40	static
../Core/Src/main.c:387:13:MX_FDCAN1_Init	8	static
../Core/Src/main.c:430:13:MX_TIM3_Init	56	static
../Core/Src/main.c:488:13:MX_TIM6_Init	24	static
../Core/Src/main.c:526:13:MX_UCPD1_Init	32	static
../Core/Src/main.c:567:13:MX_USB_PCD_Init	8	static
../Core/Src/main.c:598:13:MX_DMA_Init	16	static
../Core/Src/main.c:620:13:MX_GPIO_Init	48	static
../Core/Src/main.c:687:6:HAL_TIM_IC_CaptureCallback	16	static
../Core/Src/main.c:697:6:Error_Handler	4	static,ignoring_inline_asm
