../Core/Src/st7565_8080.c:22:20:ST7565_DelayCycles	16	static,ignoring_inline_asm
../Core/Src/st7565_8080.c:33:20:ST7565_SetDataBus	32	static,ignoring_inline_asm
../Core/Src/st7565_8080.c:39:6:ST7565_BusInit	40	static
../Core/Src/st7565_8080.c:76:20:ST7565_Strobe	16	static
../Core/Src/st7565_8080.c:101:6:ST7565_WriteCommand	16	static
../Core/Src/st7565_8080.c:106:6:ST7565_WriteData	16	static
../Core/Src/st7565_8080.c:111:6:ST7565_HardReset	8	static
../Core/Src/st7565_8080.c:146:6:ST7565_Init	16	static
../Core/Src/st7565_8080.c:180:6:ST7565_DisplayOn	16	static
../Core/Src/st7565_8080.c:185:6:ST7565_SetStartLine	16	static
../Core/Src/st7565_8080.c:190:6:ST7565_SetPage	16	static
../Core/Src/st7565_8080.c:195:6:ST7565_SetColumn	16	static
../Core/Src/st7565_8080.c:201:6:ST7565_SetContrast	16	static
../Core/Src/st7565_8080.c:207:6:ST7565_WriteBuffer	32	static
